Archive member included because of file (symbol)

/home/raap/CodeSourcery/Sourcery_G++_Lite/lib/gcc/arm-uclinuxeabi/4.3.2/libgcc.a(_divsi3.o)
                              display/screen_playing.o (__aeabi_idiv)
/home/raap/CodeSourcery/Sourcery_G++_Lite/lib/gcc/arm-uclinuxeabi/4.3.2/libgcc.a(_dvmd_tls.o)
                              /home/raap/CodeSourcery/Sourcery_G++_Lite/lib/gcc/arm-uclinuxeabi/4.3.2/libgcc.a(_divsi3.o) (__aeabi_idiv0)

Allocating common symbols
Common symbol       size              file

fDebug              0x4               serial/serial.o
draw_block          0x4               display/lcd.o
font_height         0x1               display/fonty.o
signals             0x4               kernel/kernel.o
write_buf           0x4               display/lcd.o
last_key            0x4               keyboard/keyboard.o
cur_key             0x4               keyboard/keyboard.o
inactivity_cnt      0x4               pwm/pwmirq.o

Memory Configuration

Name             Origin             Length             Attributes
ram              0x40000000         0x0000fc00
flash            0x80000000         0x00100000
*default*        0x00000000         0xffffffff

Linker script and memory map

                0x40010000                _stack_end = 0x40010000
                0x00000000                . = 0x0

startup
 *(.startup)
                0x00000000                . = ALIGN (0x4)

.text           0x80000000     0x9d5c
 *(.text)
 .text          0x80000000      0x198 crt.o
                0x80000000                _startup
                0x80000008                Reset_Handler
 .text          0x80000198       0x78 isr.o
                0x80000198                eventFlagSet
                0x8000020c                BSP_abort
                0x80000208                ISR_spur
                0x800001c0                eventFlagCheck
 .text          0x80000210        0x0 arm_exc.o
 .text          0x80000210      0x654 global.o
                0x800004a0                rand_seed
                0x800006e8                cache_shift_down
                0x80000298                str_len
                0x800002f4                strn_cpy
                0x800004b0                rand
                0x800006a0                cache_shift_up
                0x80000210                max
                0x80000738                cache_find_empty
                0x80000508                cache_index
                0x80000220                min
                0x80000638                cache_empty
                0x80000690                cache_init
                0x800003f0                strn_cpy_cmp
                0x80000358                str_cat_max
                0x8000045c                atoi
                0x80000784                cache_range_set
                0x80000230                abs
                0x800002c0                strchr
                0x80000590                cache_store
                0x8000023c                strstart
                0x80000544                cache_entry
 .text          0x80000864      0x1b8 main.o
                0x80000864                setSpeed
                0x80000954                main
 .text          0x80000a1c      0x3d8 cc1100/cc1100.o
                0x80000b7c                cc1100_read_status_reg_otf
                0x80000cd4                cc1100_write1
                0x80000d00                cc1100_init
                0x80000cfc                cc1100_write
                0x80000a1c                spi_read
                0x80000b54                cc1100_read1
                0x80000bac                spi_write
                0x80000b4c                cc1100_read
                0x80000cc8                cc1100_strobe
 .text          0x80000df4      0x518 cc1100/rf.o
                0x80000e3c                startcc1100IRQ
                0x80000e10                get_from_rx_buf
                0x80000f78                rx_reset
                0x80000ef4                RF_init
                0x80001030                rfRcvPacket
                0x800011ac                rxIRQ
                0x800011e8                send_cmd
                0x80000df4                rx_buf_empty
 .text          0x8000130c      0x818 display/lcd.o
                0x80001390                lcd_scroll
                0x800018ec                lcd_enable
                0x8000167c                draw_trianglebar
                0x800015f8                draw_progressbar
                0x8000190c                lcd_init
                0x80001890                lcd_fill
                0x80001764                trianglebar_border
                0x80001480                draw_rect
                0x8000130c                store_buf
 .text          0x80001b24      0xc04 display/fonty.o
                0x800022f8                draw_char
                0x80001c4c                get_hex_digits
                0x80001b38                set_font
                0x8000227c                compose_string
                0x800022c0                scroll
                0x80002608                draw_text_space
                0x80001c7c                get_digits
                0x80001ff8                sec2hms
                0x80001b24                init_font
                0x80002210                compose_string2
 .text          0x80002728      0xcb0 display/window.o
                0x80003100                sel_win_down
                0x80002904                last_info_idx
                0x80002e80                win_new_text
                0x80002eb8                scroll_list_changed
                0x80003388                select
                0x80002d24                win_draw_text
                0x80002918                info_idx
                0x80002af8                win_scroll_init
                0x80002728                win_init
                0x80002f4c                win_draw_border
                0x80002be0                win_scroll_all
                0x800028e8                unselect_win
                0x80002fa4                win_redraw
                0x80002894                win_unscroll
                0x80002948                init_scroll_list
                0x800028cc                select_win
                0x80002860                win_scroll
                0x80003240                sel_win_up
                0x800027a8                win_clear
 .text          0x800033d8      0x3bc display/screen.o
                0x80003454                screen_enter
                0x800033d8                screen_visible
                0x80003510                mainscreen_keypress
                0x800036d0                mainscreen_init
                0x800034d0                switch_screen
                0x8000373c                screen_redraw
                0x8000348c                show_new_screen
 .text          0x80003794      0x8a0 display/screen_playing.o
                0x80003984                view_random_changed
                0x800039c8                view_state_changed
                0x80003940                view_repeat_changed
                0x80003a2c                view_artist_changed
                0x80003a64                view_volume_changed
                0x80003bc4                view_time_changed
                0x80003a48                view_title_changed
                0x800038fc                view_single_changed
                0x80003c90                playing_screen_init
                0x80003794                playing_keypress
 .text          0x80004034      0x35c display/screen_tracklist.o
                0x80004104                tracklist_keypress
                0x80004034                tracklist_screen_init
                0x800040ec                view_tracklist_changed
 .text          0x80004390      0x2d0 display/screen_playlist.o
                0x8000445c                playlist_keypress
                0x80004390                playlist_screen_init
                0x80004444                view_playlists_changed
 .text          0x80004660      0x2f4 display/screen_info.o
                0x80004660                set_error
                0x80004830                info_screen_init
                0x800046fc                detect_errors
                0x80004694                info_keypress
                0x80004678                clr_error
 .text          0x80004954       0x18 interrupt/irq.o
                0x80004968                UNDEF_Routine
                0x80004964                SWI_Routine
                0x80004954                enableIRQ
 .text          0x8000496c      0x170 pwm/pwmirq.o
                0x8000496c                startPWMIRQ
                0x80004a08                backl_proc
 .text          0x80004adc      0x330 keyboard/keyboard.o
                0x80004adc                set_keypress_handler
                0x80004d9c                key_init
                0x80004b34                key_scan
                0x80004aec                key_change
 .text          0x80004e0c      0x35c kernel/kernel.o
                0x80004e64                defaultIRQ
                0x80004f8c                schedule
                0x800050a4                kernel_init
                0x80004ea0                system_time
                0x80004e88                delay
                0x80004eb0                timerIRQ
                0x80004e0c                signal_set
                0x80004ef8                task_add
                0x80004f6c                task_del
                0x80004e34                signal_clr
 .text          0x80005168      0x15c timer/timerirq.o
                0x800051d4                timer_del
                0x80005168                timer_init
                0x80005248                timer_expired
                0x8000517c                timer_add
                0x80005250                timer_tick
 .text          0x800052c4      0xf8c mpd/model.o
                0x800058b8                mpd_set_title
                0x80005e80                model_store_track
                0x800053f4                user_wants_state
                0x800055f4                mpd_get_pos
                0x80005538                user_toggle_repeat
                0x80005848                mpd_set_artist
                0x800057f0                mpd_status_ok
                0x80005bd0                set_playlistlength
                0x80005598                mpd_single_ok
                0x80005b70                mpd_pos_ok
                0x80005cfc                update_playtime
                0x8000572c                model_reset
                0x8000580c                user_wants_volume_add
                0x80005414                user_toggle_pause
                0x800056b4                mpd_get_volume
                0x800053d0                mpd_get_state
                0x80005cb8                model_check_mpd_dead
                0x80005320                mpd_get_time_total
                0x80005340                mpd_set_time
                0x8000577c                model_init
                0x80005684                user_song_unknown
                0x80005e38                mpd_load_ok
                0x800055c8                user_toggle_single
                0x80005d64                model_store_playlistname
                0x8000565c                mpd_set_id
                0x800054a8                user_toggle_random
                0x80005de0                mpd_get_playlistname
                0x80005404                user_get_state
                0x80005d90                playlists_range_set
                0x80005398                user_wants_time_add
                0x80005330                mpd_get_time_elapsed
                0x80005c6c                user_wants_playlist
                0x80005508                mpd_repeat_ok
                0x8000530c                mpd_playlists_last
                0x800052d4                model_reset_changed
                0x80005db8                tracklist_range_set
                0x800052c4                model_get_changed
                0x80005e0c                track_info
                0x80005454                mpd_set_random
                0x80005c14                user_wants_song
                0x80005574                mpd_set_single
                0x800054d4                mpd_get_repeat
                0x800052fc                mpd_set_playlistcount
                0x800056c4                mpd_set_volume
                0x800056e8                user_toggle_mute
                0x80005928                mpd_set_pos
                0x80005a68                mpd_newpos_ok
                0x800054e4                mpd_set_repeat
                0x80005ef8                action_needed
                0x80005aa8                mpd_set_state
                0x800053e0                mpd_state_ack
                0x80005478                mpd_random_ok
                0x80005564                mpd_get_single
                0x8000561c                mpd_get_title
                0x80005b60                mpd_state_ok
                0x8000571c                model_set_last_response
                0x800052e8                mpd_tracklist_last
                0x80005b84                mpd_inc_time
                0x80005444                mpd_get_random
                0x8000563c                mpd_get_artist
                0x80005604                mpd_pos_nack
 .text          0x80006250     0x1294 mpd/mpd.o
                0x80007208                process_rpt
                0x8000723c                process_rnd
                0x800071d4                process_sgl
                0x800071a0                process_song
                0x80006f24                assemble_line
                0x80006e0c                controller
                0x800065f0                collect_lines
                0x8000705c                process_playlistinfo_line
                0x80007270                process_load_line
                0x80006514                inform_view
                0x800066cc                handle_cmd
                0x800072a4                process_status_line
                0x80006250                process_ok
 .text          0x800074e4      0x51c serial/serial.o
                0x8000757c                serial_init
                0x800074e4                serial_out
                0x800078fc                debug_out
 .text          0x80007a00      0x148 /home/raap/CodeSourcery/Sourcery_G++_Lite/lib/gcc/arm-uclinuxeabi/4.3.2/libgcc.a(_divsi3.o)
                0x80007a00                __aeabi_idiv
                0x80007a00                __divsi3
                0x80007b28                __aeabi_idivmod
 .text          0x80007b48        0x4 /home/raap/CodeSourcery/Sourcery_G++_Lite/lib/gcc/arm-uclinuxeabi/4.3.2/libgcc.a(_dvmd_tls.o)
                0x80007b48                __aeabi_ldiv0
                0x80007b48                __aeabi_idiv0
 *(.rodata)
 .rodata        0x80007b4c       0x2f cc1100/cc1100.o
 *fill*         0x80007b7b        0x1 00
 .rodata        0x80007b7c       0x18 display/lcd.o
 .rodata        0x80007b94     0x1dac display/fonty.o
                0x80009934                smooth_font_maxchar
                0x8000993c                misc_font_maxchar
                0x80009928                pearl_font_height
                0x8000992c                pearl_font_maxchar
                0x80009938                misc_font_height
                0x80009798                pearl_font_info
                0x80008850                misc_font_info
                0x80009930                smooth_font_height
                0x8000933a                smooth_font_cpos
                0x80007b94                misc_font_bits
                0x8000953a                pearl_font_bits
                0x80008b50                smooth_font_bits
                0x8000923a                smooth_font_info
                0x80008950                misc_font_cpos
                0x80009818                pearl_font_cpos
 *(.rodata*)
 .rodata.str1.4
                0x80009940       0x34 cc1100/rf.o
 .rodata.str1.4
                0x80009974        0x6 display/fonty.o
                                 0x10 (size before relaxing)
 .rodata.str1.4
                0x00000000        0x6 display/window.o
                                  0x4 (size before relaxing)
 *fill*         0x8000997a        0x2 00
 .rodata.str1.4
                0x8000997c       0x46 display/screen_playing.o
                                 0x4c (size before relaxing)
 *fill*         0x800099c2        0x2 00
 .rodata.str1.4
                0x800099c4        0xf display/screen_tracklist.o
                                 0x10 (size before relaxing)
 *fill*         0x800099d3        0x1 00
 .rodata.str1.4
                0x800099d4       0x12 display/screen_playlist.o
                                 0x14 (size before relaxing)
 *fill*         0x800099e6        0x2 00
 .rodata.str1.4
                0x800099e8      0x109 display/screen_info.o
                                0x10c (size before relaxing)
 *fill*         0x80009af1        0x3 00
 .rodata.str1.4
                0x80009af4        0x4 mpd/model.o
                                  0x8 (size before relaxing)
 .rodata.str1.4
                0x80009af8      0x264 mpd/mpd.o
 *(.glue_7)
 .glue_7        0x80009d5c        0x0 crt.o
 .glue_7        0x80009d5c        0x0 isr.o
 .glue_7        0x80009d5c        0x0 arm_exc.o
 .glue_7        0x80009d5c        0x0 global.o
 .glue_7        0x80009d5c        0x0 main.o
 .glue_7        0x80009d5c        0x0 cc1100/cc1100.o
 .glue_7        0x80009d5c        0x0 cc1100/rf.o
 .glue_7        0x80009d5c        0x0 display/lcd.o
 .glue_7        0x80009d5c        0x0 display/fonty.o
 .glue_7        0x80009d5c        0x0 display/window.o
 .glue_7        0x80009d5c        0x0 display/screen.o
 .glue_7        0x80009d5c        0x0 display/screen_playing.o
 .glue_7        0x80009d5c        0x0 display/screen_tracklist.o
 .glue_7        0x80009d5c        0x0 display/screen_playlist.o
 .glue_7        0x80009d5c        0x0 display/screen_info.o
 .glue_7        0x80009d5c        0x0 interrupt/irq.o
 .glue_7        0x80009d5c        0x0 pwm/pwmirq.o
 .glue_7        0x80009d5c        0x0 keyboard/keyboard.o
 .glue_7        0x80009d5c        0x0 kernel/kernel.o
 .glue_7        0x80009d5c        0x0 timer/timerirq.o
 .glue_7        0x80009d5c        0x0 mpd/model.o
 .glue_7        0x80009d5c        0x0 mpd/mpd.o
 .glue_7        0x80009d5c        0x0 serial/serial.o
 .glue_7        0x80009d5c        0x0 /home/raap/CodeSourcery/Sourcery_G++_Lite/lib/gcc/arm-uclinuxeabi/4.3.2/libgcc.a(_divsi3.o)
 .glue_7        0x80009d5c        0x0 /home/raap/CodeSourcery/Sourcery_G++_Lite/lib/gcc/arm-uclinuxeabi/4.3.2/libgcc.a(_dvmd_tls.o)
 *(.glue_7t)
 .glue_7t       0x80009d5c        0x0 crt.o
 .glue_7t       0x80009d5c        0x0 isr.o
 .glue_7t       0x80009d5c        0x0 arm_exc.o
 .glue_7t       0x80009d5c        0x0 global.o
 .glue_7t       0x80009d5c        0x0 main.o
 .glue_7t       0x80009d5c        0x0 cc1100/cc1100.o
 .glue_7t       0x80009d5c        0x0 cc1100/rf.o
 .glue_7t       0x80009d5c        0x0 display/lcd.o
 .glue_7t       0x80009d5c        0x0 display/fonty.o
 .glue_7t       0x80009d5c        0x0 display/window.o
 .glue_7t       0x80009d5c        0x0 display/screen.o
 .glue_7t       0x80009d5c        0x0 display/screen_playing.o
 .glue_7t       0x80009d5c        0x0 display/screen_tracklist.o
 .glue_7t       0x80009d5c        0x0 display/screen_playlist.o
 .glue_7t       0x80009d5c        0x0 display/screen_info.o
 .glue_7t       0x80009d5c        0x0 interrupt/irq.o
 .glue_7t       0x80009d5c        0x0 pwm/pwmirq.o
 .glue_7t       0x80009d5c        0x0 keyboard/keyboard.o
 .glue_7t       0x80009d5c        0x0 kernel/kernel.o
 .glue_7t       0x80009d5c        0x0 timer/timerirq.o
 .glue_7t       0x80009d5c        0x0 mpd/model.o
 .glue_7t       0x80009d5c        0x0 mpd/mpd.o
 .glue_7t       0x80009d5c        0x0 serial/serial.o
 .glue_7t       0x80009d5c        0x0 /home/raap/CodeSourcery/Sourcery_G++_Lite/lib/gcc/arm-uclinuxeabi/4.3.2/libgcc.a(_divsi3.o)
 .glue_7t       0x80009d5c        0x0 /home/raap/CodeSourcery/Sourcery_G++_Lite/lib/gcc/arm-uclinuxeabi/4.3.2/libgcc.a(_dvmd_tls.o)
                0x80009d5c                _etext = .

.vfp11_veneer   0x00000000        0x0
 .vfp11_veneer  0x00000000        0x0 crt.o
 .vfp11_veneer  0x00000000        0x0 isr.o
 .vfp11_veneer  0x00000000        0x0 arm_exc.o
 .vfp11_veneer  0x00000000        0x0 global.o
 .vfp11_veneer  0x00000000        0x0 main.o
 .vfp11_veneer  0x00000000        0x0 cc1100/cc1100.o
 .vfp11_veneer  0x00000000        0x0 cc1100/rf.o
 .vfp11_veneer  0x00000000        0x0 display/lcd.o
 .vfp11_veneer  0x00000000        0x0 display/fonty.o
 .vfp11_veneer  0x00000000        0x0 display/window.o
 .vfp11_veneer  0x00000000        0x0 display/screen.o
 .vfp11_veneer  0x00000000        0x0 display/screen_playing.o
 .vfp11_veneer  0x00000000        0x0 display/screen_tracklist.o
 .vfp11_veneer  0x00000000        0x0 display/screen_playlist.o
 .vfp11_veneer  0x00000000        0x0 display/screen_info.o
 .vfp11_veneer  0x00000000        0x0 interrupt/irq.o
 .vfp11_veneer  0x00000000        0x0 pwm/pwmirq.o
 .vfp11_veneer  0x00000000        0x0 keyboard/keyboard.o
 .vfp11_veneer  0x00000000        0x0 kernel/kernel.o
 .vfp11_veneer  0x00000000        0x0 timer/timerirq.o
 .vfp11_veneer  0x00000000        0x0 mpd/model.o
 .vfp11_veneer  0x00000000        0x0 mpd/mpd.o
 .vfp11_veneer  0x00000000        0x0 serial/serial.o
 .vfp11_veneer  0x00000000        0x0 /home/raap/CodeSourcery/Sourcery_G++_Lite/lib/gcc/arm-uclinuxeabi/4.3.2/libgcc.a(_divsi3.o)
 .vfp11_veneer  0x00000000        0x0 /home/raap/CodeSourcery/Sourcery_G++_Lite/lib/gcc/arm-uclinuxeabi/4.3.2/libgcc.a(_dvmd_tls.o)

.janus_2cc_veneer
                0x00000000        0x0
 .janus_2cc_veneer
                0x00000000        0x0 crt.o
 .janus_2cc_veneer
                0x00000000        0x0 isr.o
 .janus_2cc_veneer
                0x00000000        0x0 arm_exc.o
 .janus_2cc_veneer
                0x00000000        0x0 global.o
 .janus_2cc_veneer
                0x00000000        0x0 main.o
 .janus_2cc_veneer
                0x00000000        0x0 cc1100/cc1100.o
 .janus_2cc_veneer
                0x00000000        0x0 cc1100/rf.o
 .janus_2cc_veneer
                0x00000000        0x0 display/lcd.o
 .janus_2cc_veneer
                0x00000000        0x0 display/fonty.o
 .janus_2cc_veneer
                0x00000000        0x0 display/window.o
 .janus_2cc_veneer
                0x00000000        0x0 display/screen.o
 .janus_2cc_veneer
                0x00000000        0x0 display/screen_playing.o
 .janus_2cc_veneer
                0x00000000        0x0 display/screen_tracklist.o
 .janus_2cc_veneer
                0x00000000        0x0 display/screen_playlist.o
 .janus_2cc_veneer
                0x00000000        0x0 display/screen_info.o
 .janus_2cc_veneer
                0x00000000        0x0 interrupt/irq.o
 .janus_2cc_veneer
                0x00000000        0x0 pwm/pwmirq.o
 .janus_2cc_veneer
                0x00000000        0x0 keyboard/keyboard.o
 .janus_2cc_veneer
                0x00000000        0x0 kernel/kernel.o
 .janus_2cc_veneer
                0x00000000        0x0 timer/timerirq.o
 .janus_2cc_veneer
                0x00000000        0x0 mpd/model.o
 .janus_2cc_veneer
                0x00000000        0x0 mpd/mpd.o
 .janus_2cc_veneer
                0x00000000        0x0 serial/serial.o
 .janus_2cc_veneer
                0x00000000        0x0 /home/raap/CodeSourcery/Sourcery_G++_Lite/lib/gcc/arm-uclinuxeabi/4.3.2/libgcc.a(_divsi3.o)
 .janus_2cc_veneer
                0x00000000        0x0 /home/raap/CodeSourcery/Sourcery_G++_Lite/lib/gcc/arm-uclinuxeabi/4.3.2/libgcc.a(_dvmd_tls.o)

.v4_bx          0x00000000        0x0
 .v4_bx         0x00000000        0x0 crt.o
 .v4_bx         0x00000000        0x0 isr.o
 .v4_bx         0x00000000        0x0 arm_exc.o
 .v4_bx         0x00000000        0x0 global.o
 .v4_bx         0x00000000        0x0 main.o
 .v4_bx         0x00000000        0x0 cc1100/cc1100.o
 .v4_bx         0x00000000        0x0 cc1100/rf.o
 .v4_bx         0x00000000        0x0 display/lcd.o
 .v4_bx         0x00000000        0x0 display/fonty.o
 .v4_bx         0x00000000        0x0 display/window.o
 .v4_bx         0x00000000        0x0 display/screen.o
 .v4_bx         0x00000000        0x0 display/screen_playing.o
 .v4_bx         0x00000000        0x0 display/screen_tracklist.o
 .v4_bx         0x00000000        0x0 display/screen_playlist.o
 .v4_bx         0x00000000        0x0 display/screen_info.o
 .v4_bx         0x00000000        0x0 interrupt/irq.o
 .v4_bx         0x00000000        0x0 pwm/pwmirq.o
 .v4_bx         0x00000000        0x0 keyboard/keyboard.o
 .v4_bx         0x00000000        0x0 kernel/kernel.o
 .v4_bx         0x00000000        0x0 timer/timerirq.o
 .v4_bx         0x00000000        0x0 mpd/model.o
 .v4_bx         0x00000000        0x0 mpd/mpd.o
 .v4_bx         0x00000000        0x0 serial/serial.o
 .v4_bx         0x00000000        0x0 /home/raap/CodeSourcery/Sourcery_G++_Lite/lib/gcc/arm-uclinuxeabi/4.3.2/libgcc.a(_divsi3.o)
 .v4_bx         0x00000000        0x0 /home/raap/CodeSourcery/Sourcery_G++_Lite/lib/gcc/arm-uclinuxeabi/4.3.2/libgcc.a(_dvmd_tls.o)
                0x00000000                . = ALIGN (0x4)

.fastcode       0x40000000      0xc5c load address 0x80009d5c
                0x80009d5c                __fastcode_load = LOADADDR (.fastcode)
                0x40000000                __fastcode_start = .
 *(.text.fastcode)
 .text.fastcode
                0x40000000       0x64 crt.o
                0x40000000                ramvectors
                0x40000040                do_vic
 .text.fastcode
                0x40000064       0x28 isr.o
                0x40000088                BSP_fiq
                0x40000064                BSP_irq
 .text.fastcode
                0x4000008c      0x180 arm_exc.o
                0x4000019c                ARM_except
                0x4000017c                ARM_swi
                0x40000098                ARM_int_unlock_SYS
                0x40000174                ARM_undef
                0x400000a0                ARM_irq
                0x4000016c                ARM_reset
                0x40000184                ARM_pAbort
                0x40000194                ARM_reserved
                0x4000008c                ARM_int_lock_SYS
                0x40000108                ARM_fiq
                0x4000018c                ARM_dAbort
 .text.fastcode
                0x4000020c      0x964 display/lcd.o
 .text.fastcode
                0x40000b70       0xec pwm/pwmirq.o
                0x40000b70                pwmIRQ
                0x40000bf0                pwmM0IRQ
                0x40000c48                pwmM2IRQ
 *(.text.ramvectors)
 *(.text.do_vic)
 *(.text.do_fiq)
 *(.text.timerIRQ)
 *(.text.soundIRQ)
 *(.text.FIQ_Routine)
 *(.text.keyScanner)
 *(.text.adcIRQ)
 *(.text.irIRQ)
 *(.text.defIR)
 *(.text.NRC17_Encode)
 *(.text.ITT_Encode)
 *(.text.RC5_Encode)
 *(.text.RCA_Encode)
 *(.text.RCMM_Encode)
 *(.text.REC80_Encode)
 *(.text.RECS80_Encode)
 *(.text.SIRC_Encode)
 *(.text.SPACEENC_Encode)
 *(.text.cc1100IRQ)
 *(.text._evaluate)
 *(.text._push_state)
 *(.text._mcpy)
 *(.text._do_rcu)
 *(.text._do_rcuS)
 *(.text._draw_block)
 *(.text._draw_hline)
 *(.text._draw_vline)
                0x40000c5c                . = ALIGN (0x4)
                0x40000c5c                __fastcode_end = .

.data           0x40000c5c        0x4 load address 0x8000a9b8
                0x40000c5c                _data = .
 *(.data)
 .data          0x40000c5c        0x0 crt.o
 .data          0x40000c5c        0x0 isr.o
 .data          0x40000c5c        0x0 arm_exc.o
 .data          0x40000c5c        0x0 global.o
 .data          0x40000c5c        0x0 main.o
 .data          0x40000c5c        0x0 cc1100/cc1100.o
 .data          0x40000c5c        0x4 cc1100/rf.o
 .data          0x40000c60        0x0 display/lcd.o
 .data          0x40000c60        0x0 display/fonty.o
 .data          0x40000c60        0x0 display/window.o
 .data          0x40000c60        0x0 display/screen.o
 .data          0x40000c60        0x0 display/screen_playing.o
 .data          0x40000c60        0x0 display/screen_tracklist.o
 .data          0x40000c60        0x0 display/screen_playlist.o
 .data          0x40000c60        0x0 display/screen_info.o
 .data          0x40000c60        0x0 interrupt/irq.o
 .data          0x40000c60        0x0 pwm/pwmirq.o
 .data          0x40000c60        0x0 keyboard/keyboard.o
 .data          0x40000c60        0x0 kernel/kernel.o
 .data          0x40000c60        0x0 timer/timerirq.o
 .data          0x40000c60        0x0 mpd/model.o
 .data          0x40000c60        0x0 mpd/mpd.o
 .data          0x40000c60        0x0 serial/serial.o
 .data          0x40000c60        0x0 /home/raap/CodeSourcery/Sourcery_G++_Lite/lib/gcc/arm-uclinuxeabi/4.3.2/libgcc.a(_divsi3.o)
 .data          0x40000c60        0x0 /home/raap/CodeSourcery/Sourcery_G++_Lite/lib/gcc/arm-uclinuxeabi/4.3.2/libgcc.a(_dvmd_tls.o)
                0x40000c60                _edata = .
                0x40000c60                . = ALIGN (0x4)

.bss            0x40000c60     0x3454
                0x40000c60                _bss_start = .
 *(.bss)
 .bss           0x40000c60        0x0 crt.o
 .bss           0x40000c60        0x4 isr.o
 .bss           0x40000c64        0x0 arm_exc.o
 .bss           0x40000c64        0x4 global.o
 .bss           0x40000c68        0x0 main.o
 .bss           0x40000c68        0x0 cc1100/cc1100.o
 .bss           0x40000c68      0x41c cc1100/rf.o
 .bss           0x40001084      0x310 display/lcd.o
 .bss           0x40001394       0x28 display/fonty.o
 .bss           0x400013bc       0x3c display/window.o
 .bss           0x400013f8       0x60 display/screen.o
 .bss           0x40001458      0x510 display/screen_playing.o
 .bss           0x40001968      0x468 display/screen_tracklist.o
 .bss           0x40001dd0      0x2e8 display/screen_playlist.o
 .bss           0x400020b8      0x148 display/screen_info.o
 .bss           0x40002200        0x0 interrupt/irq.o
 .bss           0x40002200       0x18 pwm/pwmirq.o
 .bss           0x40002218       0x34 keyboard/keyboard.o
 .bss           0x4000224c      0x260 kernel/kernel.o
 .bss           0x400024ac       0xcc timer/timerirq.o
 .bss           0x40002578     0x1038 mpd/model.o
 .bss           0x400035b0      0x6dc mpd/mpd.o
 .bss           0x40003c8c      0x408 serial/serial.o
 .bss           0x40004094        0x0 /home/raap/CodeSourcery/Sourcery_G++_Lite/lib/gcc/arm-uclinuxeabi/4.3.2/libgcc.a(_divsi3.o)
 .bss           0x40004094        0x0 /home/raap/CodeSourcery/Sourcery_G++_Lite/lib/gcc/arm-uclinuxeabi/4.3.2/libgcc.a(_dvmd_tls.o)
 COMMON         0x40004094        0x8 display/lcd.o
                0x40004094                draw_block
                0x40004098                write_buf
 COMMON         0x4000409c        0x1 display/fonty.o
                0x4000409c                font_height
 *fill*         0x4000409d        0x3 00
 COMMON         0x400040a0        0x4 pwm/pwmirq.o
                0x400040a0                inactivity_cnt
 COMMON         0x400040a4        0x8 keyboard/keyboard.o
                0x400040a4                last_key
                0x400040a8                cur_key
 COMMON         0x400040ac        0x4 kernel/kernel.o
                0x400040ac                signals
 COMMON         0x400040b0        0x4 serial/serial.o
                0x400040b0                fDebug
                0x400040b4                . = ALIGN (0x4)
                0x400040b4                _bss_end = .
                0x400040b4                _end = .
                0xe01fc040                PROVIDE (MEMMAP, 0xe01fc040)
                0xffe00000                PROVIDE (BCFG0, 0xffe00000)
                0xffe00004                PROVIDE (BCFG1, 0xffe00004)
                0xffe00008                PROVIDE (BCFG2, 0xffe00008)
                0xe002c000                PROVIDE (PINSEL0, 0xe002c000)
                0xe002c004                PROVIDE (PINSEL1, 0xe002c004)
                0xe002c014                PROVIDE (PINSEL2, 0xe002c014)
                0xe0028000                PROVIDE (IO0PIN, 0xe0028000)
                0xe0028008                PROVIDE (IO0DIR, 0xe0028008)
                0xe0028024                PROVIDE (IO2SET, 0xe0028024)
                0xe01fc1a0                PROVIDE (SCS, 0xe01fc1a0)
                0x3fffc000                PROVIDE (FIODIR0, 0x3fffc000)
                0xfffff030                PROVIDE (VICVectAddr, 0xfffff030)
LOAD crt.o
LOAD isr.o
LOAD arm_exc.o
LOAD global.o
LOAD main.o
LOAD cc1100/cc1100.o
LOAD cc1100/rf.o
LOAD display/lcd.o
LOAD display/fonty.o
LOAD display/window.o
LOAD display/screen.o
LOAD display/screen_playing.o
LOAD display/screen_tracklist.o
LOAD display/screen_playlist.o
LOAD display/screen_info.o
LOAD interrupt/irq.o
LOAD pwm/pwmirq.o
LOAD keyboard/keyboard.o
LOAD kernel/kernel.o
LOAD timer/timerirq.o
LOAD mpd/model.o
LOAD mpd/mpd.o
LOAD serial/serial.o
LOAD /home/raap/CodeSourcery/Sourcery_G++_Lite/lib/gcc/arm-uclinuxeabi/4.3.2/libgcc.a
OUTPUT(muc_rom.elf elf32-littlearm)

.stab           0x00000000      0x978
 .stab          0x00000000      0x4e0 crt.o
 .stab          0x000004e0      0x498 arm_exc.o
                                0x4a4 (size before relaxing)

.ARM.attributes
                0x00000000       0x2e
 .ARM.attributes
                0x00000000       0x20 crt.o
 .ARM.attributes
                0x00000020       0x30 isr.o
 .ARM.attributes
                0x00000050       0x20 arm_exc.o
 .ARM.attributes
                0x00000070       0x30 global.o
 .ARM.attributes
                0x000000a0       0x30 main.o
 .ARM.attributes
                0x000000d0       0x30 cc1100/cc1100.o
 .ARM.attributes
                0x00000100       0x30 cc1100/rf.o
 .ARM.attributes
                0x00000130       0x30 display/lcd.o
 .ARM.attributes
                0x00000160       0x30 display/fonty.o
 .ARM.attributes
                0x00000190       0x30 display/window.o
 .ARM.attributes
                0x000001c0       0x30 display/screen.o
 .ARM.attributes
                0x000001f0       0x30 display/screen_playing.o
 .ARM.attributes
                0x00000220       0x30 display/screen_tracklist.o
 .ARM.attributes
                0x00000250       0x30 display/screen_playlist.o
 .ARM.attributes
                0x00000280       0x30 display/screen_info.o
 .ARM.attributes
                0x000002b0       0x30 interrupt/irq.o
 .ARM.attributes
                0x000002e0       0x30 pwm/pwmirq.o
 .ARM.attributes
                0x00000310       0x30 keyboard/keyboard.o
 .ARM.attributes
                0x00000340       0x30 kernel/kernel.o
 .ARM.attributes
                0x00000370       0x30 timer/timerirq.o
 .ARM.attributes
                0x000003a0       0x30 mpd/model.o
 .ARM.attributes
                0x000003d0       0x30 mpd/mpd.o
 .ARM.attributes
                0x00000400       0x30 serial/serial.o
 .ARM.attributes
                0x00000430       0x14 /home/raap/CodeSourcery/Sourcery_G++_Lite/lib/gcc/arm-uclinuxeabi/4.3.2/libgcc.a(_divsi3.o)
 .ARM.attributes
                0x00000444       0x14 /home/raap/CodeSourcery/Sourcery_G++_Lite/lib/gcc/arm-uclinuxeabi/4.3.2/libgcc.a(_dvmd_tls.o)

.stabstr        0x00000000       0xde
 .stabstr       0x00000000       0xde crt.o

.comment        0x00000000      0x372
 .comment       0x00000000       0x2a isr.o
 .comment       0x0000002a       0x2a global.o
 .comment       0x00000054       0x2a main.o
 .comment       0x0000007e       0x2a cc1100/cc1100.o
 .comment       0x000000a8       0x2a cc1100/rf.o
 .comment       0x000000d2       0x2a display/lcd.o
 .comment       0x000000fc       0x2a display/fonty.o
 .comment       0x00000126       0x2a display/window.o
 .comment       0x00000150       0x2a display/screen.o
 .comment       0x0000017a       0x2a display/screen_playing.o
 .comment       0x000001a4       0x2a display/screen_tracklist.o
 .comment       0x000001ce       0x2a display/screen_playlist.o
 .comment       0x000001f8       0x2a display/screen_info.o
 .comment       0x00000222       0x2a interrupt/irq.o
 .comment       0x0000024c       0x2a pwm/pwmirq.o
 .comment       0x00000276       0x2a keyboard/keyboard.o
 .comment       0x000002a0       0x2a kernel/kernel.o
 .comment       0x000002ca       0x2a timer/timerirq.o
 .comment       0x000002f4       0x2a mpd/model.o
 .comment       0x0000031e       0x2a mpd/mpd.o
 .comment       0x00000348       0x2a serial/serial.o

.note.GNU-stack
                0x00000000        0x0
 .note.GNU-stack
                0x00000000        0x0 /home/raap/CodeSourcery/Sourcery_G++_Lite/lib/gcc/arm-uclinuxeabi/4.3.2/libgcc.a(_divsi3.o)
 .note.GNU-stack
                0x00000000        0x0 /home/raap/CodeSourcery/Sourcery_G++_Lite/lib/gcc/arm-uclinuxeabi/4.3.2/libgcc.a(_dvmd_tls.o)

.debug_frame    0x00000000       0x20
 .debug_frame   0x00000000       0x20 /home/raap/CodeSourcery/Sourcery_G++_Lite/lib/gcc/arm-uclinuxeabi/4.3.2/libgcc.a(_divsi3.o)
