Archive member included because of file (symbol)

/home/raap/CodeSourcery/Sourcery_G++_Lite/lib/gcc/arm-uclinuxeabi/4.3.2/libgcc.a(_divsi3.o)
                              display/screen_playing.o (__aeabi_idiv)
/home/raap/CodeSourcery/Sourcery_G++_Lite/lib/gcc/arm-uclinuxeabi/4.3.2/libgcc.a(_dvmd_tls.o)
                              /home/raap/CodeSourcery/Sourcery_G++_Lite/lib/gcc/arm-uclinuxeabi/4.3.2/libgcc.a(_divsi3.o) (__aeabi_idiv0)

Allocating common symbols
Common symbol       size              file

fDebug              0x4               serial/serial.o
draw_block          0x4               display/lcd.o
font_height         0x1               display/fonty.o
signals             0x4               kernel/kernel.o
write_buf           0x4               display/lcd.o
last_key            0x4               keyboard/keyboard.o
cur_key             0x4               keyboard/keyboard.o
inactivity_cnt      0x4               pwm/pwmirq.o
cur_task            0x4               kernel/kernel.o

Memory Configuration

Name             Origin             Length             Attributes
ram              0x40000000         0x0000fc00
flash            0x80000000         0x00100000
*default*        0x00000000         0xffffffff

Linker script and memory map

                0x40010000                _stack_end = 0x40010000
                0x00000000                . = 0x0

startup
 *(.startup)
                0x00000000                . = ALIGN (0x4)

.text           0x80000000     0xac4c
 *(.text)
 .text          0x80000000      0x198 crt.o
                0x80000000                _startup
                0x80000008                Reset_Handler
 .text          0x80000198       0x78 isr.o
                0x80000198                eventFlagSet
                0x8000020c                BSP_abort
                0x80000208                ISR_spur
                0x800001c0                eventFlagCheck
 .text          0x80000210        0x0 arm_exc.o
 .text          0x80000210      0x6d8 global.o
                0x80000358                str_del
                0x8000051c                rand_seed
                0x80000764                cache_shift_down
                0x800002f4                strn_cpy
                0x8000052c                rand
                0x8000071c                cache_shift_up
                0x80000210                max
                0x800007b4                cache_find_empty
                0x80000584                cache_index
                0x80000220                min
                0x800006b4                cache_empty
                0x8000070c                cache_init
                0x8000046c                strn_cpy_cmp
                0x800003d4                str_cat_max
                0x800004d8                atoi
                0x80000800                cache_range_set
                0x80000298                strlen
                0x80000230                abs
                0x800002c0                strchr
                0x8000060c                cache_store
                0x8000023c                strstart
                0x800005c0                cache_entry
 .text          0x800008e8      0x1b8 main.o
                0x800008e8                setSpeed
                0x800009d8                main
 .text          0x80000aa0      0x3fc cc1100/cc1100.o
                0x80000bd0                cc1100_read_status_reg_otf
                0x80000d7c                cc1100_write1
                0x80000da8                cc1100_init
                0x80000da4                cc1100_write
                0x80000aa0                spi_read
                0x80000c2c                cc1100_read1
                0x80000c54                spi_write
                0x80000c24                cc1100_read
                0x80000d70                cc1100_strobe
 .text          0x80000e9c      0x510 cc1100/rf.o
                0x80000ee4                startcc1100IRQ
                0x80000eb8                get_from_rx_buf
                0x8000100c                rx_reset
                0x80000f9c                RF_init
                0x800010c4                rfRcvPacket
                0x80001240                rxIRQ
                0x8000127c                send_cmd
                0x80000e9c                rx_buf_empty
 .text          0x800013ac      0x818 display/lcd.o
                0x80001430                lcd_scroll
                0x8000198c                lcd_enable
                0x8000171c                draw_trianglebar
                0x80001698                draw_progressbar
                0x800019ac                lcd_init
                0x80001930                lcd_fill
                0x80001804                trianglebar_border
                0x80001520                draw_rect
                0x800013ac                store_buf
 .text          0x80001bc4      0xc04 display/fonty.o
                0x80002398                draw_char
                0x80001cec                get_hex_digits
                0x80001bd8                set_font
                0x8000231c                compose_string
                0x80002360                scroll
                0x800026a8                draw_text_space
                0x80001d1c                get_digits
                0x80002098                sec2hms
                0x80001bc4                init_font
                0x800022b0                compose_string2
 .text          0x800027c8     0x12b4 display/window.o
                0x80003028                win_cursor_blink
                0x800037a4                sel_win_down
                0x800029a4                last_info_idx
                0x80003524                win_new_text
                0x8000355c                scroll_list_changed
                0x80003a2c                select
                0x800033c8                win_draw_text
                0x800029b8                info_idx
                0x80002e6c                win_scroll_init
                0x800027c8                win_init
                0x800035f0                win_draw_border
                0x80003284                win_scroll_all
                0x80002e34                win_cursor_init
                0x80002fe8                win_cursor_set
                0x80002988                unselect_win
                0x80003648                win_redraw
                0x80002934                win_unscroll
                0x800029e8                init_scroll_list
                0x8000296c                select_win
                0x80002900                win_scroll
                0x800038f4                sel_win_up
                0x80002c5c                win_cursor_input
                0x80002848                win_clear
 .text          0x80003a7c      0x418 display/screen.o
                0x80003af8                screen_enter
                0x80003a7c                screen_visible
                0x80003bdc                mainscreen_keypress
                0x80003dc4                mainscreen_init
                0x80003b30                switch_screen
                0x80003e3c                screen_redraw
                0x80003b84                show_new_screen
 .text          0x80003e94      0x8f8 display/screen_playing.o
                0x800040b4                view_random_changed
                0x800040f8                view_state_changed
                0x80004070                view_repeat_changed
                0x8000415c                view_artist_changed
                0x80004194                view_volume_changed
                0x800042f4                view_time_changed
                0x80004178                view_title_changed
                0x8000402c                view_single_changed
                0x800043c0                playing_screen_init
                0x80003e94                playing_keypress
 .text          0x8000478c      0x38c display/screen_tracklist.o
                0x80004884                tracklist_keypress
                0x8000478c                tracklist_screen_init
                0x8000486c                view_tracklist_changed
 .text          0x80004b18      0x2f8 display/screen_playlist.o
                0x80004c0c                playlist_keypress
                0x80004b18                playlist_screen_init
                0x80004bf4                view_playlists_changed
 .text          0x80004e10      0x318 display/screen_info.o
                0x80004e10                set_error
                0x80004fe0                info_screen_init
                0x80004eac                detect_errors
                0x80004e44                info_keypress
                0x80004e28                clr_error
 .text          0x80005128      0x2e0 display/screen_search.o
                0x80005134                search_keypress
                0x800052a4                search_screen_init
 .text          0x80005408       0x18 interrupt/irq.o
                0x8000541c                UNDEF_Routine
                0x80005418                SWI_Routine
                0x80005408                enableIRQ
 .text          0x80005420      0x170 pwm/pwmirq.o
                0x80005420                startPWMIRQ
                0x800054bc                backl_proc
 .text          0x80005590      0x330 keyboard/keyboard.o
                0x80005590                set_keypress_handler
                0x80005850                key_init
                0x800055e8                key_scan
                0x800055a0                key_change
 .text          0x800058c0      0x41c kernel/kernel.o
                0x80005964                feed_wdt
                0x80005918                defaultIRQ
                0x80005a18                schedule
                0x80005b64                kernel_init
                0x80005954                system_time
                0x8000593c                delay
                0x80005c28                timerIRQ
                0x800058c0                signal_set
                0x80005984                task_add
                0x800059f8                task_del
                0x800058e8                signal_clr
 .text          0x80005cdc      0x194 timer/timerirq.o
                0x80005d18                timer_del
                0x80005cdc                timer_init
                0x80005d8c                timer_expired
                0x80005d04                timer_stop
                0x80005cf0                timer_set
                0x80005e08                timer_add
                0x80005d94                timer_tick
 .text          0x80005e70     0x111c mpd/model.o
                0x80006534                mpd_set_title
                0x80006b50                model_store_track
                0x80006008                user_wants_state
                0x80006220                mpd_get_pos
                0x80006154                user_toggle_repeat
                0x800064c4                mpd_set_artist
                0x8000646c                mpd_status_ok
                0x8000687c                set_playlistlength
                0x800061c4                mpd_single_ok
                0x800067f0                mpd_pos_ok
                0x800068c0                update_playtime
                0x800063a0                model_reset
                0x80006488                user_wants_volume_add
                0x80006018                user_toggle_pause
                0x8000635c                mpd_get_search_string
                0x800062e0                mpd_get_volume
                0x80005fe4                mpd_get_state
                0x80006a54                model_check_mpd_dead
                0x80005f34                mpd_get_time_total
                0x8000636c                mpd_find_ok
                0x80005f54                mpd_set_time
                0x800063f8                model_init
                0x800062b0                user_song_unknown
                0x80006ae4                mpd_load_ok
                0x80005e94                user_wants_script
                0x800061f4                user_toggle_single
                0x80006928                model_store_playlistname
                0x80006288                mpd_set_id
                0x800060b4                user_toggle_random
                0x800069a4                mpd_get_playlistname
                0x80006954                playlists_range_set
                0x80005fac                user_wants_time_add
                0x80005ea4                mpd_script_ok
                0x80005f44                mpd_get_time_elapsed
                0x80005f04                user_wants_playlist
                0x80006124                mpd_repeat_ok
                0x80005ef0                mpd_playlists_last
                0x80005ecc                user_tracklist_clr
                0x80005e80                model_reset_changed
                0x80006380                user_set_search_string
                0x8000697c                tracklist_range_set
                0x80005e70                model_get_changed
                0x800069d0                track_info
                0x8000605c                mpd_set_random
                0x800069fc                user_wants_song
                0x80006198                mpd_set_single
                0x800060e0                mpd_get_repeat
                0x80005ee0                mpd_set_playlistcount
                0x800062f0                mpd_set_volume
                0x80006328                user_toggle_mute
                0x800065a8                mpd_set_pos
                0x800066e8                mpd_newpos_ok
                0x800060f8                mpd_set_repeat
                0x80006bc8                action_needed
                0x80006728                mpd_set_state
                0x80005ff4                mpd_state_ack
                0x80006084                mpd_random_ok
                0x80006180                mpd_get_single
                0x80006248                mpd_get_title
                0x800067e0                mpd_state_ok
                0x80006390                model_set_last_response
                0x80005eb8                mpd_tracklist_last
                0x80006a98                mpd_clear_ok
                0x80006830                mpd_inc_time
                0x80006048                mpd_get_random
                0x80006268                mpd_get_artist
                0x80006230                mpd_pos_nack
 .text          0x80006f8c     0x1244 mpd/mpd.o
                0x80006fe0                ans_playlistinfo_line
                0x80007e9c                assemble_line
                0x80007d98                controller
                0x800073d0                collect_lines
                0x800072f4                inform_view
                0x80007500                handle_cmd
                0x80007fd0                ans_status_line
 .text          0x800081d0      0x68c serial/serial.o
                0x80008584                dbg
                0x800081d0                serial_flush_output
                0x800082c4                serial_init
                0x80008800                serial_out_hex
                0x800081ec                serial_outs
                0x80008220                serial_out
                0x800086fc                debug_out
 .text          0x8000885c      0x148 /home/raap/CodeSourcery/Sourcery_G++_Lite/lib/gcc/arm-uclinuxeabi/4.3.2/libgcc.a(_divsi3.o)
                0x8000885c                __aeabi_idiv
                0x8000885c                __divsi3
                0x80008984                __aeabi_idivmod
 .text          0x800089a4        0x4 /home/raap/CodeSourcery/Sourcery_G++_Lite/lib/gcc/arm-uclinuxeabi/4.3.2/libgcc.a(_dvmd_tls.o)
                0x800089a4                __aeabi_ldiv0
                0x800089a4                __aeabi_idiv0
 *(.rodata)
 .rodata        0x800089a8       0x2f cc1100/cc1100.o
 *fill*         0x800089d7        0x1 00
 .rodata        0x800089d8       0x18 display/lcd.o
 .rodata        0x800089f0     0x1dac display/fonty.o
                0x8000a790                smooth_font_maxchar
                0x8000a798                misc_font_maxchar
                0x8000a784                pearl_font_height
                0x8000a788                pearl_font_maxchar
                0x8000a794                misc_font_height
                0x8000a5f4                pearl_font_info
                0x800096ac                misc_font_info
                0x8000a78c                smooth_font_height
                0x8000a196                smooth_font_cpos
                0x800089f0                misc_font_bits
                0x8000a396                pearl_font_bits
                0x800099ac                smooth_font_bits
                0x8000a096                smooth_font_info
                0x800097ac                misc_font_cpos
                0x8000a674                pearl_font_cpos
 .rodata        0x8000a79c       0x32 display/window.o
 *(.rodata*)
 *fill*         0x8000a7ce        0x2 00
 .rodata.str1.4
                0x8000a7d0       0x48 cc1100/rf.o
 .rodata.str1.4
                0x8000a818        0x6 display/fonty.o
                                 0x10 (size before relaxing)
 .rodata.str1.4
                0x00000000        0x6 display/window.o
                                  0x4 (size before relaxing)
 *fill*         0x8000a81e        0x2 00
 .rodata.str1.4
                0x8000a820       0x46 display/screen_playing.o
                                 0x4c (size before relaxing)
 *fill*         0x8000a866        0x2 00
 .rodata.str1.4
                0x8000a868        0xf display/screen_tracklist.o
                                 0x10 (size before relaxing)
 *fill*         0x8000a877        0x1 00
 .rodata.str1.4
                0x8000a878       0x12 display/screen_playlist.o
                                 0x14 (size before relaxing)
 *fill*         0x8000a88a        0x2 00
 .rodata.str1.4
                0x8000a88c      0x109 display/screen_info.o
                                0x10c (size before relaxing)
 *fill*         0x8000a995        0x3 00
 .rodata.str1.4
                0x8000a998        0xd display/screen_search.o
                                 0x18 (size before relaxing)
 *fill*         0x8000a9a5        0x3 00
 .rodata.str1.4
                0x8000a9a8        0x6 kernel/kernel.o
                                  0xc (size before relaxing)
 *fill*         0x8000a9ae        0x2 00
 .rodata.str1.4
                0x8000a9b0       0x10 timer/timerirq.o
 .rodata.str1.4
                0x8000a9c0        0x8 mpd/model.o
                                  0xc (size before relaxing)
 .rodata.str1.4
                0x8000a9c8      0x284 mpd/mpd.o
                                0x288 (size before relaxing)
 *(.glue_7)
 .glue_7        0x8000ac4c        0x0 crt.o
 .glue_7        0x8000ac4c        0x0 isr.o
 .glue_7        0x8000ac4c        0x0 arm_exc.o
 .glue_7        0x8000ac4c        0x0 global.o
 .glue_7        0x8000ac4c        0x0 main.o
 .glue_7        0x8000ac4c        0x0 cc1100/cc1100.o
 .glue_7        0x8000ac4c        0x0 cc1100/rf.o
 .glue_7        0x8000ac4c        0x0 display/lcd.o
 .glue_7        0x8000ac4c        0x0 display/fonty.o
 .glue_7        0x8000ac4c        0x0 display/window.o
 .glue_7        0x8000ac4c        0x0 display/screen.o
 .glue_7        0x8000ac4c        0x0 display/screen_playing.o
 .glue_7        0x8000ac4c        0x0 display/screen_tracklist.o
 .glue_7        0x8000ac4c        0x0 display/screen_playlist.o
 .glue_7        0x8000ac4c        0x0 display/screen_info.o
 .glue_7        0x8000ac4c        0x0 display/screen_search.o
 .glue_7        0x8000ac4c        0x0 interrupt/irq.o
 .glue_7        0x8000ac4c        0x0 pwm/pwmirq.o
 .glue_7        0x8000ac4c        0x0 keyboard/keyboard.o
 .glue_7        0x8000ac4c        0x0 kernel/kernel.o
 .glue_7        0x8000ac4c        0x0 timer/timerirq.o
 .glue_7        0x8000ac4c        0x0 mpd/model.o
 .glue_7        0x8000ac4c        0x0 mpd/mpd.o
 .glue_7        0x8000ac4c        0x0 serial/serial.o
 .glue_7        0x8000ac4c        0x0 /home/raap/CodeSourcery/Sourcery_G++_Lite/lib/gcc/arm-uclinuxeabi/4.3.2/libgcc.a(_divsi3.o)
 .glue_7        0x8000ac4c        0x0 /home/raap/CodeSourcery/Sourcery_G++_Lite/lib/gcc/arm-uclinuxeabi/4.3.2/libgcc.a(_dvmd_tls.o)
 *(.glue_7t)
 .glue_7t       0x8000ac4c        0x0 crt.o
 .glue_7t       0x8000ac4c        0x0 isr.o
 .glue_7t       0x8000ac4c        0x0 arm_exc.o
 .glue_7t       0x8000ac4c        0x0 global.o
 .glue_7t       0x8000ac4c        0x0 main.o
 .glue_7t       0x8000ac4c        0x0 cc1100/cc1100.o
 .glue_7t       0x8000ac4c        0x0 cc1100/rf.o
 .glue_7t       0x8000ac4c        0x0 display/lcd.o
 .glue_7t       0x8000ac4c        0x0 display/fonty.o
 .glue_7t       0x8000ac4c        0x0 display/window.o
 .glue_7t       0x8000ac4c        0x0 display/screen.o
 .glue_7t       0x8000ac4c        0x0 display/screen_playing.o
 .glue_7t       0x8000ac4c        0x0 display/screen_tracklist.o
 .glue_7t       0x8000ac4c        0x0 display/screen_playlist.o
 .glue_7t       0x8000ac4c        0x0 display/screen_info.o
 .glue_7t       0x8000ac4c        0x0 display/screen_search.o
 .glue_7t       0x8000ac4c        0x0 interrupt/irq.o
 .glue_7t       0x8000ac4c        0x0 pwm/pwmirq.o
 .glue_7t       0x8000ac4c        0x0 keyboard/keyboard.o
 .glue_7t       0x8000ac4c        0x0 kernel/kernel.o
 .glue_7t       0x8000ac4c        0x0 timer/timerirq.o
 .glue_7t       0x8000ac4c        0x0 mpd/model.o
 .glue_7t       0x8000ac4c        0x0 mpd/mpd.o
 .glue_7t       0x8000ac4c        0x0 serial/serial.o
 .glue_7t       0x8000ac4c        0x0 /home/raap/CodeSourcery/Sourcery_G++_Lite/lib/gcc/arm-uclinuxeabi/4.3.2/libgcc.a(_divsi3.o)
 .glue_7t       0x8000ac4c        0x0 /home/raap/CodeSourcery/Sourcery_G++_Lite/lib/gcc/arm-uclinuxeabi/4.3.2/libgcc.a(_dvmd_tls.o)
                0x8000ac4c                _etext = .

.vfp11_veneer   0x00000000        0x0
 .vfp11_veneer  0x00000000        0x0 crt.o
 .vfp11_veneer  0x00000000        0x0 isr.o
 .vfp11_veneer  0x00000000        0x0 arm_exc.o
 .vfp11_veneer  0x00000000        0x0 global.o
 .vfp11_veneer  0x00000000        0x0 main.o
 .vfp11_veneer  0x00000000        0x0 cc1100/cc1100.o
 .vfp11_veneer  0x00000000        0x0 cc1100/rf.o
 .vfp11_veneer  0x00000000        0x0 display/lcd.o
 .vfp11_veneer  0x00000000        0x0 display/fonty.o
 .vfp11_veneer  0x00000000        0x0 display/window.o
 .vfp11_veneer  0x00000000        0x0 display/screen.o
 .vfp11_veneer  0x00000000        0x0 display/screen_playing.o
 .vfp11_veneer  0x00000000        0x0 display/screen_tracklist.o
 .vfp11_veneer  0x00000000        0x0 display/screen_playlist.o
 .vfp11_veneer  0x00000000        0x0 display/screen_info.o
 .vfp11_veneer  0x00000000        0x0 display/screen_search.o
 .vfp11_veneer  0x00000000        0x0 interrupt/irq.o
 .vfp11_veneer  0x00000000        0x0 pwm/pwmirq.o
 .vfp11_veneer  0x00000000        0x0 keyboard/keyboard.o
 .vfp11_veneer  0x00000000        0x0 kernel/kernel.o
 .vfp11_veneer  0x00000000        0x0 timer/timerirq.o
 .vfp11_veneer  0x00000000        0x0 mpd/model.o
 .vfp11_veneer  0x00000000        0x0 mpd/mpd.o
 .vfp11_veneer  0x00000000        0x0 serial/serial.o
 .vfp11_veneer  0x00000000        0x0 /home/raap/CodeSourcery/Sourcery_G++_Lite/lib/gcc/arm-uclinuxeabi/4.3.2/libgcc.a(_divsi3.o)
 .vfp11_veneer  0x00000000        0x0 /home/raap/CodeSourcery/Sourcery_G++_Lite/lib/gcc/arm-uclinuxeabi/4.3.2/libgcc.a(_dvmd_tls.o)

.janus_2cc_veneer
                0x00000000        0x0
 .janus_2cc_veneer
                0x00000000        0x0 crt.o
 .janus_2cc_veneer
                0x00000000        0x0 isr.o
 .janus_2cc_veneer
                0x00000000        0x0 arm_exc.o
 .janus_2cc_veneer
                0x00000000        0x0 global.o
 .janus_2cc_veneer
                0x00000000        0x0 main.o
 .janus_2cc_veneer
                0x00000000        0x0 cc1100/cc1100.o
 .janus_2cc_veneer
                0x00000000        0x0 cc1100/rf.o
 .janus_2cc_veneer
                0x00000000        0x0 display/lcd.o
 .janus_2cc_veneer
                0x00000000        0x0 display/fonty.o
 .janus_2cc_veneer
                0x00000000        0x0 display/window.o
 .janus_2cc_veneer
                0x00000000        0x0 display/screen.o
 .janus_2cc_veneer
                0x00000000        0x0 display/screen_playing.o
 .janus_2cc_veneer
                0x00000000        0x0 display/screen_tracklist.o
 .janus_2cc_veneer
                0x00000000        0x0 display/screen_playlist.o
 .janus_2cc_veneer
                0x00000000        0x0 display/screen_info.o
 .janus_2cc_veneer
                0x00000000        0x0 display/screen_search.o
 .janus_2cc_veneer
                0x00000000        0x0 interrupt/irq.o
 .janus_2cc_veneer
                0x00000000        0x0 pwm/pwmirq.o
 .janus_2cc_veneer
                0x00000000        0x0 keyboard/keyboard.o
 .janus_2cc_veneer
                0x00000000        0x0 kernel/kernel.o
 .janus_2cc_veneer
                0x00000000        0x0 timer/timerirq.o
 .janus_2cc_veneer
                0x00000000        0x0 mpd/model.o
 .janus_2cc_veneer
                0x00000000        0x0 mpd/mpd.o
 .janus_2cc_veneer
                0x00000000        0x0 serial/serial.o
 .janus_2cc_veneer
                0x00000000        0x0 /home/raap/CodeSourcery/Sourcery_G++_Lite/lib/gcc/arm-uclinuxeabi/4.3.2/libgcc.a(_divsi3.o)
 .janus_2cc_veneer
                0x00000000        0x0 /home/raap/CodeSourcery/Sourcery_G++_Lite/lib/gcc/arm-uclinuxeabi/4.3.2/libgcc.a(_dvmd_tls.o)

.v4_bx          0x00000000        0x0
 .v4_bx         0x00000000        0x0 crt.o
 .v4_bx         0x00000000        0x0 isr.o
 .v4_bx         0x00000000        0x0 arm_exc.o
 .v4_bx         0x00000000        0x0 global.o
 .v4_bx         0x00000000        0x0 main.o
 .v4_bx         0x00000000        0x0 cc1100/cc1100.o
 .v4_bx         0x00000000        0x0 cc1100/rf.o
 .v4_bx         0x00000000        0x0 display/lcd.o
 .v4_bx         0x00000000        0x0 display/fonty.o
 .v4_bx         0x00000000        0x0 display/window.o
 .v4_bx         0x00000000        0x0 display/screen.o
 .v4_bx         0x00000000        0x0 display/screen_playing.o
 .v4_bx         0x00000000        0x0 display/screen_tracklist.o
 .v4_bx         0x00000000        0x0 display/screen_playlist.o
 .v4_bx         0x00000000        0x0 display/screen_info.o
 .v4_bx         0x00000000        0x0 display/screen_search.o
 .v4_bx         0x00000000        0x0 interrupt/irq.o
 .v4_bx         0x00000000        0x0 pwm/pwmirq.o
 .v4_bx         0x00000000        0x0 keyboard/keyboard.o
 .v4_bx         0x00000000        0x0 kernel/kernel.o
 .v4_bx         0x00000000        0x0 timer/timerirq.o
 .v4_bx         0x00000000        0x0 mpd/model.o
 .v4_bx         0x00000000        0x0 mpd/mpd.o
 .v4_bx         0x00000000        0x0 serial/serial.o
 .v4_bx         0x00000000        0x0 /home/raap/CodeSourcery/Sourcery_G++_Lite/lib/gcc/arm-uclinuxeabi/4.3.2/libgcc.a(_divsi3.o)
 .v4_bx         0x00000000        0x0 /home/raap/CodeSourcery/Sourcery_G++_Lite/lib/gcc/arm-uclinuxeabi/4.3.2/libgcc.a(_dvmd_tls.o)
                0x00000000                . = ALIGN (0x4)

.fastcode       0x40000000      0xc5c load address 0x8000ac4c
                0x8000ac4c                __fastcode_load = LOADADDR (.fastcode)
                0x40000000                __fastcode_start = .
 *(.text.fastcode)
 .text.fastcode
                0x40000000       0x64 crt.o
                0x40000000                ramvectors
                0x40000040                do_vic
 .text.fastcode
                0x40000064       0x28 isr.o
                0x40000088                BSP_fiq
                0x40000064                BSP_irq
 .text.fastcode
                0x4000008c      0x180 arm_exc.o
                0x4000019c                ARM_except
                0x4000017c                ARM_swi
                0x40000098                ARM_int_unlock_SYS
                0x40000174                ARM_undef
                0x400000a0                ARM_irq
                0x4000016c                ARM_reset
                0x40000184                ARM_pAbort
                0x40000194                ARM_reserved
                0x4000008c                ARM_int_lock_SYS
                0x40000108                ARM_fiq
                0x4000018c                ARM_dAbort
 .text.fastcode
                0x4000020c      0x964 display/lcd.o
 .text.fastcode
                0x40000b70       0xec pwm/pwmirq.o
                0x40000b70                pwmIRQ
                0x40000bf0                pwmM0IRQ
                0x40000c48                pwmM2IRQ
 *(.text.ramvectors)
 *(.text.do_vic)
 *(.text.do_fiq)
 *(.text.timerIRQ)
 *(.text.soundIRQ)
 *(.text.FIQ_Routine)
 *(.text.keyScanner)
 *(.text.adcIRQ)
 *(.text.irIRQ)
 *(.text.defIR)
 *(.text.NRC17_Encode)
 *(.text.ITT_Encode)
 *(.text.RC5_Encode)
 *(.text.RCA_Encode)
 *(.text.RCMM_Encode)
 *(.text.REC80_Encode)
 *(.text.RECS80_Encode)
 *(.text.SIRC_Encode)
 *(.text.SPACEENC_Encode)
 *(.text.cc1100IRQ)
 *(.text._evaluate)
 *(.text._push_state)
 *(.text._mcpy)
 *(.text._do_rcu)
 *(.text._do_rcuS)
 *(.text._draw_block)
 *(.text._draw_hline)
 *(.text._draw_vline)
                0x40000c5c                . = ALIGN (0x4)
                0x40000c5c                __fastcode_end = .

.data           0x40000c5c       0x14 load address 0x8000b8a8
                0x40000c5c                _data = .
 *(.data)
 .data          0x40000c5c        0x0 crt.o
 .data          0x40000c5c        0x0 isr.o
 .data          0x40000c5c        0x0 arm_exc.o
 .data          0x40000c5c        0x0 global.o
 .data          0x40000c5c        0x0 main.o
 .data          0x40000c5c        0x0 cc1100/cc1100.o
 .data          0x40000c5c        0x4 cc1100/rf.o
 .data          0x40000c60        0x0 display/lcd.o
 .data          0x40000c60        0x0 display/fonty.o
 .data          0x40000c60        0xc display/window.o
 .data          0x40000c6c        0x0 display/screen.o
 .data          0x40000c6c        0x0 display/screen_playing.o
 .data          0x40000c6c        0x0 display/screen_tracklist.o
 .data          0x40000c6c        0x0 display/screen_playlist.o
 .data          0x40000c6c        0x0 display/screen_info.o
 .data          0x40000c6c        0x0 display/screen_search.o
 .data          0x40000c6c        0x0 interrupt/irq.o
 .data          0x40000c6c        0x0 pwm/pwmirq.o
 .data          0x40000c6c        0x0 keyboard/keyboard.o
 .data          0x40000c6c        0x4 kernel/kernel.o
                0x40000c6c                wdt_cnt
 .data          0x40000c70        0x0 timer/timerirq.o
 .data          0x40000c70        0x0 mpd/model.o
 .data          0x40000c70        0x0 mpd/mpd.o
 .data          0x40000c70        0x0 serial/serial.o
 .data          0x40000c70        0x0 /home/raap/CodeSourcery/Sourcery_G++_Lite/lib/gcc/arm-uclinuxeabi/4.3.2/libgcc.a(_divsi3.o)
 .data          0x40000c70        0x0 /home/raap/CodeSourcery/Sourcery_G++_Lite/lib/gcc/arm-uclinuxeabi/4.3.2/libgcc.a(_dvmd_tls.o)
                0x40000c70                _edata = .
                0x40000c70                . = ALIGN (0x4)

.bss            0x40000c70     0x39c4
                0x40000c70                _bss_start = .
 *(.bss)
 .bss           0x40000c70        0x0 crt.o
 .bss           0x40000c70        0x4 isr.o
 .bss           0x40000c74        0x0 arm_exc.o
 .bss           0x40000c74        0x4 global.o
 .bss           0x40000c78        0x0 main.o
 .bss           0x40000c78        0x0 cc1100/cc1100.o
 .bss           0x40000c78      0x41c cc1100/rf.o
 .bss           0x40001094      0x310 display/lcd.o
 .bss           0x400013a4       0x28 display/fonty.o
 .bss           0x400013cc       0x68 display/window.o
 .bss           0x40001434       0x74 display/screen.o
 .bss           0x400014a8      0x510 display/screen_playing.o
 .bss           0x400019b8      0x468 display/screen_tracklist.o
 .bss           0x40001e20      0x2e8 display/screen_playlist.o
 .bss           0x40002108      0x148 display/screen_info.o
 .bss           0x40002250      0x528 display/screen_search.o
 .bss           0x40002778        0x0 interrupt/irq.o
 .bss           0x40002778       0x18 pwm/pwmirq.o
 .bss           0x40002790       0x34 keyboard/keyboard.o
 .bss           0x400027c4      0x264 kernel/kernel.o
                0x40002a24                trace_flags
 .bss           0x40002a28       0xcc timer/timerirq.o
 .bss           0x40002af4     0x1048 mpd/model.o
 .bss           0x40003b3c      0x6cc mpd/mpd.o
 .bss           0x40004208      0x408 serial/serial.o
 .bss           0x40004610        0x0 /home/raap/CodeSourcery/Sourcery_G++_Lite/lib/gcc/arm-uclinuxeabi/4.3.2/libgcc.a(_divsi3.o)
 .bss           0x40004610        0x0 /home/raap/CodeSourcery/Sourcery_G++_Lite/lib/gcc/arm-uclinuxeabi/4.3.2/libgcc.a(_dvmd_tls.o)
 COMMON         0x40004610        0x8 display/lcd.o
                0x40004610                draw_block
                0x40004614                write_buf
 COMMON         0x40004618        0x1 display/fonty.o
                0x40004618                font_height
 *fill*         0x40004619        0x3 00
 COMMON         0x4000461c        0x4 pwm/pwmirq.o
                0x4000461c                inactivity_cnt
 COMMON         0x40004620        0x8 keyboard/keyboard.o
                0x40004620                last_key
                0x40004624                cur_key
 COMMON         0x40004628        0x8 kernel/kernel.o
                0x40004628                signals
                0x4000462c                cur_task
 COMMON         0x40004630        0x4 serial/serial.o
                0x40004630                fDebug
                0x40004634                . = ALIGN (0x4)
                0x40004634                _bss_end = .
                0x40004634                _end = .
                0xe01fc040                PROVIDE (MEMMAP, 0xe01fc040)
                0xffe00000                PROVIDE (BCFG0, 0xffe00000)
                0xffe00004                PROVIDE (BCFG1, 0xffe00004)
                0xffe00008                PROVIDE (BCFG2, 0xffe00008)
                0xe002c000                PROVIDE (PINSEL0, 0xe002c000)
                0xe002c004                PROVIDE (PINSEL1, 0xe002c004)
                0xe002c014                PROVIDE (PINSEL2, 0xe002c014)
                0xe0028000                PROVIDE (IO0PIN, 0xe0028000)
                0xe0028008                PROVIDE (IO0DIR, 0xe0028008)
                0xe0028024                PROVIDE (IO2SET, 0xe0028024)
                0xe01fc1a0                PROVIDE (SCS, 0xe01fc1a0)
                0x3fffc000                PROVIDE (FIODIR0, 0x3fffc000)
                0xfffff030                PROVIDE (VICVectAddr, 0xfffff030)
LOAD crt.o
LOAD isr.o
LOAD arm_exc.o
LOAD global.o
LOAD main.o
LOAD cc1100/cc1100.o
LOAD cc1100/rf.o
LOAD display/lcd.o
LOAD display/fonty.o
LOAD display/window.o
LOAD display/screen.o
LOAD display/screen_playing.o
LOAD display/screen_tracklist.o
LOAD display/screen_playlist.o
LOAD display/screen_info.o
LOAD display/screen_search.o
LOAD interrupt/irq.o
LOAD pwm/pwmirq.o
LOAD keyboard/keyboard.o
LOAD kernel/kernel.o
LOAD timer/timerirq.o
LOAD mpd/model.o
LOAD mpd/mpd.o
LOAD serial/serial.o
LOAD /home/raap/CodeSourcery/Sourcery_G++_Lite/lib/gcc/arm-uclinuxeabi/4.3.2/libgcc.a
OUTPUT(muc_rom.elf elf32-littlearm)

.stab           0x00000000      0x978
 .stab          0x00000000      0x4e0 crt.o
 .stab          0x000004e0      0x498 arm_exc.o
                                0x4a4 (size before relaxing)

.ARM.attributes
                0x00000000       0x2e
 .ARM.attributes
                0x00000000       0x20 crt.o
 .ARM.attributes
                0x00000020       0x30 isr.o
 .ARM.attributes
                0x00000050       0x20 arm_exc.o
 .ARM.attributes
                0x00000070       0x30 global.o
 .ARM.attributes
                0x000000a0       0x30 main.o
 .ARM.attributes
                0x000000d0       0x30 cc1100/cc1100.o
 .ARM.attributes
                0x00000100       0x30 cc1100/rf.o
 .ARM.attributes
                0x00000130       0x30 display/lcd.o
 .ARM.attributes
                0x00000160       0x30 display/fonty.o
 .ARM.attributes
                0x00000190       0x30 display/window.o
 .ARM.attributes
                0x000001c0       0x30 display/screen.o
 .ARM.attributes
                0x000001f0       0x30 display/screen_playing.o
 .ARM.attributes
                0x00000220       0x30 display/screen_tracklist.o
 .ARM.attributes
                0x00000250       0x30 display/screen_playlist.o
 .ARM.attributes
                0x00000280       0x30 display/screen_info.o
 .ARM.attributes
                0x000002b0       0x30 display/screen_search.o
 .ARM.attributes
                0x000002e0       0x30 interrupt/irq.o
 .ARM.attributes
                0x00000310       0x30 pwm/pwmirq.o
 .ARM.attributes
                0x00000340       0x30 keyboard/keyboard.o
 .ARM.attributes
                0x00000370       0x30 kernel/kernel.o
 .ARM.attributes
                0x000003a0       0x30 timer/timerirq.o
 .ARM.attributes
                0x000003d0       0x30 mpd/model.o
 .ARM.attributes
                0x00000400       0x30 mpd/mpd.o
 .ARM.attributes
                0x00000430       0x30 serial/serial.o
 .ARM.attributes
                0x00000460       0x14 /home/raap/CodeSourcery/Sourcery_G++_Lite/lib/gcc/arm-uclinuxeabi/4.3.2/libgcc.a(_divsi3.o)
 .ARM.attributes
                0x00000474       0x14 /home/raap/CodeSourcery/Sourcery_G++_Lite/lib/gcc/arm-uclinuxeabi/4.3.2/libgcc.a(_dvmd_tls.o)

.stabstr        0x00000000       0xde
 .stabstr       0x00000000       0xde crt.o

.comment        0x00000000      0x39c
 .comment       0x00000000       0x2a isr.o
 .comment       0x0000002a       0x2a global.o
 .comment       0x00000054       0x2a main.o
 .comment       0x0000007e       0x2a cc1100/cc1100.o
 .comment       0x000000a8       0x2a cc1100/rf.o
 .comment       0x000000d2       0x2a display/lcd.o
 .comment       0x000000fc       0x2a display/fonty.o
 .comment       0x00000126       0x2a display/window.o
 .comment       0x00000150       0x2a display/screen.o
 .comment       0x0000017a       0x2a display/screen_playing.o
 .comment       0x000001a4       0x2a display/screen_tracklist.o
 .comment       0x000001ce       0x2a display/screen_playlist.o
 .comment       0x000001f8       0x2a display/screen_info.o
 .comment       0x00000222       0x2a display/screen_search.o
 .comment       0x0000024c       0x2a interrupt/irq.o
 .comment       0x00000276       0x2a pwm/pwmirq.o
 .comment       0x000002a0       0x2a keyboard/keyboard.o
 .comment       0x000002ca       0x2a kernel/kernel.o
 .comment       0x000002f4       0x2a timer/timerirq.o
 .comment       0x0000031e       0x2a mpd/model.o
 .comment       0x00000348       0x2a mpd/mpd.o
 .comment       0x00000372       0x2a serial/serial.o

.note.GNU-stack
                0x00000000        0x0
 .note.GNU-stack
                0x00000000        0x0 /home/raap/CodeSourcery/Sourcery_G++_Lite/lib/gcc/arm-uclinuxeabi/4.3.2/libgcc.a(_divsi3.o)
 .note.GNU-stack
                0x00000000        0x0 /home/raap/CodeSourcery/Sourcery_G++_Lite/lib/gcc/arm-uclinuxeabi/4.3.2/libgcc.a(_dvmd_tls.o)

.debug_frame    0x00000000       0x20
 .debug_frame   0x00000000       0x20 /home/raap/CodeSourcery/Sourcery_G++_Lite/lib/gcc/arm-uclinuxeabi/4.3.2/libgcc.a(_divsi3.o)
