Archive member included because of file (symbol)

/home/raap/CodeSourcery/Sourcery_G++_Lite/lib/gcc/arm-uclinuxeabi/4.3.2/libgcc.a(_divsi3.o)
                              display/screen_playing.o (__aeabi_idiv)
/home/raap/CodeSourcery/Sourcery_G++_Lite/lib/gcc/arm-uclinuxeabi/4.3.2/libgcc.a(_dvmd_tls.o)
                              /home/raap/CodeSourcery/Sourcery_G++_Lite/lib/gcc/arm-uclinuxeabi/4.3.2/libgcc.a(_divsi3.o) (__aeabi_idiv0)

Allocating common symbols
Common symbol       size              file

fDebug              0x4               serial/serial.o
draw_block          0x4               display/lcd.o
font_height         0x1               display/fonty.o
signals             0x4               kernel/kernel.o
write_buf           0x4               display/lcd.o
last_key            0x4               keyboard/keyboard.o
cur_key             0x4               keyboard/keyboard.o
inactivity_cnt      0x4               pwm/pwmirq.o
cur_task            0x4               kernel/kernel.o

Memory Configuration

Name             Origin             Length             Attributes
ram              0x40000000         0x0000fc00
flash            0x80000000         0x00100000
*default*        0x00000000         0xffffffff

Linker script and memory map

                0x40010000                _stack_end = 0x40010000
                0x00000000                . = 0x0

startup
 *(.startup)
                0x00000000                . = ALIGN (0x4)

.text           0x80000000     0xa174
 *(.text)
 .text          0x80000000      0x198 crt.o
                0x80000000                _startup
                0x80000008                Reset_Handler
 .text          0x80000198       0x78 isr.o
                0x80000198                eventFlagSet
                0x8000020c                BSP_abort
                0x80000208                ISR_spur
                0x800001c0                eventFlagCheck
 .text          0x80000210        0x0 arm_exc.o
 .text          0x80000210      0x654 global.o
                0x800004a0                rand_seed
                0x800006e8                cache_shift_down
                0x80000298                str_len
                0x800002f4                strn_cpy
                0x800004b0                rand
                0x800006a0                cache_shift_up
                0x80000210                max
                0x80000738                cache_find_empty
                0x80000508                cache_index
                0x80000220                min
                0x80000638                cache_empty
                0x80000690                cache_init
                0x800003f0                strn_cpy_cmp
                0x80000358                str_cat_max
                0x8000045c                atoi
                0x80000784                cache_range_set
                0x80000230                abs
                0x800002c0                strchr
                0x80000590                cache_store
                0x8000023c                strstart
                0x80000544                cache_entry
 .text          0x80000864      0x1b8 main.o
                0x80000864                setSpeed
                0x80000954                main
 .text          0x80000a1c      0x3fc cc1100/cc1100.o
                0x80000b4c                cc1100_read_status_reg_otf
                0x80000cf8                cc1100_write1
                0x80000d24                cc1100_init
                0x80000d20                cc1100_write
                0x80000a1c                spi_read
                0x80000ba8                cc1100_read1
                0x80000bd0                spi_write
                0x80000ba0                cc1100_read
                0x80000cec                cc1100_strobe
 .text          0x80000e18      0x510 cc1100/rf.o
                0x80000e60                startcc1100IRQ
                0x80000e34                get_from_rx_buf
                0x80000f88                rx_reset
                0x80000f18                RF_init
                0x80001040                rfRcvPacket
                0x800011bc                rxIRQ
                0x800011f8                send_cmd
                0x80000e18                rx_buf_empty
 .text          0x80001328      0x818 display/lcd.o
                0x800013ac                lcd_scroll
                0x80001908                lcd_enable
                0x80001698                draw_trianglebar
                0x80001614                draw_progressbar
                0x80001928                lcd_init
                0x800018ac                lcd_fill
                0x80001780                trianglebar_border
                0x8000149c                draw_rect
                0x80001328                store_buf
 .text          0x80001b40      0xc04 display/fonty.o
                0x80002314                draw_char
                0x80001c68                get_hex_digits
                0x80001b54                set_font
                0x80002298                compose_string
                0x800022dc                scroll
                0x80002624                draw_text_space
                0x80001c98                get_digits
                0x80002014                sec2hms
                0x80001b40                init_font
                0x8000222c                compose_string2
 .text          0x80002744      0xcc0 display/window.o
                0x8000311c                sel_win_down
                0x80002920                last_info_idx
                0x80002e9c                win_new_text
                0x80002ed4                scroll_list_changed
                0x800033b4                select
                0x80002d40                win_draw_text
                0x80002934                info_idx
                0x80002b14                win_scroll_init
                0x80002744                win_init
                0x80002f68                win_draw_border
                0x80002bfc                win_scroll_all
                0x80002904                unselect_win
                0x80002fc0                win_redraw
                0x800028b0                win_unscroll
                0x80002964                init_scroll_list
                0x800028e8                select_win
                0x8000287c                win_scroll
                0x8000326c                sel_win_up
                0x800027c4                win_clear
 .text          0x80003404      0x3bc display/screen.o
                0x80003480                screen_enter
                0x80003404                screen_visible
                0x8000353c                mainscreen_keypress
                0x800036fc                mainscreen_init
                0x800034fc                switch_screen
                0x80003768                screen_redraw
                0x800034b8                show_new_screen
 .text          0x800037c0      0x8a0 display/screen_playing.o
                0x800039b0                view_random_changed
                0x800039f4                view_state_changed
                0x8000396c                view_repeat_changed
                0x80003a58                view_artist_changed
                0x80003a90                view_volume_changed
                0x80003bf0                view_time_changed
                0x80003a74                view_title_changed
                0x80003928                view_single_changed
                0x80003cbc                playing_screen_init
                0x800037c0                playing_keypress
 .text          0x80004060      0x364 display/screen_tracklist.o
                0x80004130                tracklist_keypress
                0x80004060                tracklist_screen_init
                0x80004118                view_tracklist_changed
 .text          0x800043c4      0x2d0 display/screen_playlist.o
                0x80004490                playlist_keypress
                0x800043c4                playlist_screen_init
                0x80004478                view_playlists_changed
 .text          0x80004694      0x2f4 display/screen_info.o
                0x80004694                set_error
                0x80004864                info_screen_init
                0x80004730                detect_errors
                0x800046c8                info_keypress
                0x800046ac                clr_error
 .text          0x80004988       0x18 interrupt/irq.o
                0x8000499c                UNDEF_Routine
                0x80004998                SWI_Routine
                0x80004988                enableIRQ
 .text          0x800049a0      0x170 pwm/pwmirq.o
                0x800049a0                startPWMIRQ
                0x80004a3c                backl_proc
 .text          0x80004b10      0x330 keyboard/keyboard.o
                0x80004b10                set_keypress_handler
                0x80004dd0                key_init
                0x80004b68                key_scan
                0x80004b20                key_change
 .text          0x80004e40      0x41c kernel/kernel.o
                0x80004ee4                feed_wdt
                0x80004e98                defaultIRQ
                0x80004f98                schedule
                0x800050e4                kernel_init
                0x80004ed4                system_time
                0x80004ebc                delay
                0x800051a8                timerIRQ
                0x80004e40                signal_set
                0x80004f04                task_add
                0x80004f78                task_del
                0x80004e68                signal_clr
 .text          0x8000525c      0x170 timer/timerirq.o
                0x80005270                timer_del
                0x8000525c                timer_init
                0x800052e4                timer_expired
                0x80005360                timer_add
                0x800052ec                timer_tick
 .text          0x800053cc     0x1000 mpd/model.o
                0x800059f4                mpd_set_title
                0x80005fe0                model_store_track
                0x80005540                user_wants_state
                0x80005730                mpd_get_pos
                0x80005674                user_toggle_repeat
                0x80005984                mpd_set_artist
                0x8000592c                mpd_status_ok
                0x80005d0c                set_playlistlength
                0x800056d4                mpd_single_ok
                0x80005cac                mpd_pos_ok
                0x80005d50                update_playtime
                0x80005868                model_reset
                0x80005948                user_wants_volume_add
                0x80005550                user_toggle_pause
                0x800057f0                mpd_get_volume
                0x8000551c                mpd_get_state
                0x80005ee4                model_check_mpd_dead
                0x8000546c                mpd_get_time_total
                0x8000548c                mpd_set_time
                0x800058b8                model_init
                0x800057c0                user_song_unknown
                0x80005f74                mpd_load_ok
                0x80005704                user_toggle_single
                0x80005db8                model_store_playlistname
                0x80005798                mpd_set_id
                0x800055e4                user_toggle_random
                0x80005e34                mpd_get_playlistname
                0x80005de4                playlists_range_set
                0x800054e4                user_wants_time_add
                0x8000547c                mpd_get_time_elapsed
                0x8000543c                user_wants_playlist
                0x80005644                mpd_repeat_ok
                0x80005428                mpd_playlists_last
                0x80005404                user_tracklist_clr
                0x800053dc                model_reset_changed
                0x80005e0c                tracklist_range_set
                0x800053cc                model_get_changed
                0x80005e60                track_info
                0x80005590                mpd_set_random
                0x80005e8c                user_wants_song
                0x800056b0                mpd_set_single
                0x80005610                mpd_get_repeat
                0x80005418                mpd_set_playlistcount
                0x80005800                mpd_set_volume
                0x80005824                user_toggle_mute
                0x80005a64                mpd_set_pos
                0x80005ba4                mpd_newpos_ok
                0x80005620                mpd_set_repeat
                0x80006058                action_needed
                0x80005be4                mpd_set_state
                0x8000552c                mpd_state_ack
                0x800055b4                mpd_random_ok
                0x800056a0                mpd_get_single
                0x80005758                mpd_get_title
                0x80005c9c                mpd_state_ok
                0x80005858                model_set_last_response
                0x800053f0                mpd_tracklist_last
                0x80005f28                mpd_clear_ok
                0x80005cc0                mpd_inc_time
                0x80005580                mpd_get_random
                0x80005778                mpd_get_artist
                0x80005740                mpd_pos_nack
 .text          0x800063cc     0x1390 mpd/mpd.o
                0x8000744c                process_rpt
                0x80007480                process_rnd
                0x80007418                process_sgl
                0x800073e4                process_song
                0x80007158                assemble_line
                0x8000704c                controller
                0x8000676c                collect_lines
                0x80007294                process_playlistinfo_line
                0x800074e8                process_load_line
                0x80006690                inform_view
                0x80006848                handle_cmd
                0x8000751c                process_status_line
                0x800063cc                process_ok
                0x800074b4                process_clear_line
 .text          0x8000775c      0x68c serial/serial.o
                0x80007b10                dbg
                0x8000775c                serial_flush_output
                0x80007850                serial_init
                0x80007d8c                serial_out_hex
                0x80007778                serial_outs
                0x800077ac                serial_out
                0x80007c88                debug_out
 .text          0x80007de8      0x148 /home/raap/CodeSourcery/Sourcery_G++_Lite/lib/gcc/arm-uclinuxeabi/4.3.2/libgcc.a(_divsi3.o)
                0x80007de8                __aeabi_idiv
                0x80007de8                __divsi3
                0x80007f10                __aeabi_idivmod
 .text          0x80007f30        0x4 /home/raap/CodeSourcery/Sourcery_G++_Lite/lib/gcc/arm-uclinuxeabi/4.3.2/libgcc.a(_dvmd_tls.o)
                0x80007f30                __aeabi_ldiv0
                0x80007f30                __aeabi_idiv0
 *(.rodata)
 .rodata        0x80007f34       0x2f cc1100/cc1100.o
 *fill*         0x80007f63        0x1 00
 .rodata        0x80007f64       0x18 display/lcd.o
 .rodata        0x80007f7c     0x1dac display/fonty.o
                0x80009d1c                smooth_font_maxchar
                0x80009d24                misc_font_maxchar
                0x80009d10                pearl_font_height
                0x80009d14                pearl_font_maxchar
                0x80009d20                misc_font_height
                0x80009b80                pearl_font_info
                0x80008c38                misc_font_info
                0x80009d18                smooth_font_height
                0x80009722                smooth_font_cpos
                0x80007f7c                misc_font_bits
                0x80009922                pearl_font_bits
                0x80008f38                smooth_font_bits
                0x80009622                smooth_font_info
                0x80008d38                misc_font_cpos
                0x80009c00                pearl_font_cpos
 *(.rodata*)
 .rodata.str1.4
                0x80009d28       0x48 cc1100/rf.o
 .rodata.str1.4
                0x80009d70        0x6 display/fonty.o
                                 0x10 (size before relaxing)
 .rodata.str1.4
                0x00000000        0x6 display/window.o
                                  0x4 (size before relaxing)
 *fill*         0x80009d76        0x2 00
 .rodata.str1.4
                0x80009d78       0x46 display/screen_playing.o
                                 0x4c (size before relaxing)
 *fill*         0x80009dbe        0x2 00
 .rodata.str1.4
                0x80009dc0        0xf display/screen_tracklist.o
                                 0x10 (size before relaxing)
 *fill*         0x80009dcf        0x1 00
 .rodata.str1.4
                0x80009dd0       0x12 display/screen_playlist.o
                                 0x14 (size before relaxing)
 *fill*         0x80009de2        0x2 00
 .rodata.str1.4
                0x80009de4      0x109 display/screen_info.o
                                0x10c (size before relaxing)
 *fill*         0x80009eed        0x3 00
 .rodata.str1.4
                0x80009ef0        0x6 kernel/kernel.o
                                  0xc (size before relaxing)
 *fill*         0x80009ef6        0x2 00
 .rodata.str1.4
                0x80009ef8       0x10 timer/timerirq.o
 .rodata.str1.4
                0x80009f08        0x8 mpd/model.o
                                  0xc (size before relaxing)
 .rodata.str1.4
                0x80009f10      0x264 mpd/mpd.o
 *(.glue_7)
 .glue_7        0x8000a174        0x0 crt.o
 .glue_7        0x8000a174        0x0 isr.o
 .glue_7        0x8000a174        0x0 arm_exc.o
 .glue_7        0x8000a174        0x0 global.o
 .glue_7        0x8000a174        0x0 main.o
 .glue_7        0x8000a174        0x0 cc1100/cc1100.o
 .glue_7        0x8000a174        0x0 cc1100/rf.o
 .glue_7        0x8000a174        0x0 display/lcd.o
 .glue_7        0x8000a174        0x0 display/fonty.o
 .glue_7        0x8000a174        0x0 display/window.o
 .glue_7        0x8000a174        0x0 display/screen.o
 .glue_7        0x8000a174        0x0 display/screen_playing.o
 .glue_7        0x8000a174        0x0 display/screen_tracklist.o
 .glue_7        0x8000a174        0x0 display/screen_playlist.o
 .glue_7        0x8000a174        0x0 display/screen_info.o
 .glue_7        0x8000a174        0x0 interrupt/irq.o
 .glue_7        0x8000a174        0x0 pwm/pwmirq.o
 .glue_7        0x8000a174        0x0 keyboard/keyboard.o
 .glue_7        0x8000a174        0x0 kernel/kernel.o
 .glue_7        0x8000a174        0x0 timer/timerirq.o
 .glue_7        0x8000a174        0x0 mpd/model.o
 .glue_7        0x8000a174        0x0 mpd/mpd.o
 .glue_7        0x8000a174        0x0 serial/serial.o
 .glue_7        0x8000a174        0x0 /home/raap/CodeSourcery/Sourcery_G++_Lite/lib/gcc/arm-uclinuxeabi/4.3.2/libgcc.a(_divsi3.o)
 .glue_7        0x8000a174        0x0 /home/raap/CodeSourcery/Sourcery_G++_Lite/lib/gcc/arm-uclinuxeabi/4.3.2/libgcc.a(_dvmd_tls.o)
 *(.glue_7t)
 .glue_7t       0x8000a174        0x0 crt.o
 .glue_7t       0x8000a174        0x0 isr.o
 .glue_7t       0x8000a174        0x0 arm_exc.o
 .glue_7t       0x8000a174        0x0 global.o
 .glue_7t       0x8000a174        0x0 main.o
 .glue_7t       0x8000a174        0x0 cc1100/cc1100.o
 .glue_7t       0x8000a174        0x0 cc1100/rf.o
 .glue_7t       0x8000a174        0x0 display/lcd.o
 .glue_7t       0x8000a174        0x0 display/fonty.o
 .glue_7t       0x8000a174        0x0 display/window.o
 .glue_7t       0x8000a174        0x0 display/screen.o
 .glue_7t       0x8000a174        0x0 display/screen_playing.o
 .glue_7t       0x8000a174        0x0 display/screen_tracklist.o
 .glue_7t       0x8000a174        0x0 display/screen_playlist.o
 .glue_7t       0x8000a174        0x0 display/screen_info.o
 .glue_7t       0x8000a174        0x0 interrupt/irq.o
 .glue_7t       0x8000a174        0x0 pwm/pwmirq.o
 .glue_7t       0x8000a174        0x0 keyboard/keyboard.o
 .glue_7t       0x8000a174        0x0 kernel/kernel.o
 .glue_7t       0x8000a174        0x0 timer/timerirq.o
 .glue_7t       0x8000a174        0x0 mpd/model.o
 .glue_7t       0x8000a174        0x0 mpd/mpd.o
 .glue_7t       0x8000a174        0x0 serial/serial.o
 .glue_7t       0x8000a174        0x0 /home/raap/CodeSourcery/Sourcery_G++_Lite/lib/gcc/arm-uclinuxeabi/4.3.2/libgcc.a(_divsi3.o)
 .glue_7t       0x8000a174        0x0 /home/raap/CodeSourcery/Sourcery_G++_Lite/lib/gcc/arm-uclinuxeabi/4.3.2/libgcc.a(_dvmd_tls.o)
                0x8000a174                _etext = .

.vfp11_veneer   0x00000000        0x0
 .vfp11_veneer  0x00000000        0x0 crt.o
 .vfp11_veneer  0x00000000        0x0 isr.o
 .vfp11_veneer  0x00000000        0x0 arm_exc.o
 .vfp11_veneer  0x00000000        0x0 global.o
 .vfp11_veneer  0x00000000        0x0 main.o
 .vfp11_veneer  0x00000000        0x0 cc1100/cc1100.o
 .vfp11_veneer  0x00000000        0x0 cc1100/rf.o
 .vfp11_veneer  0x00000000        0x0 display/lcd.o
 .vfp11_veneer  0x00000000        0x0 display/fonty.o
 .vfp11_veneer  0x00000000        0x0 display/window.o
 .vfp11_veneer  0x00000000        0x0 display/screen.o
 .vfp11_veneer  0x00000000        0x0 display/screen_playing.o
 .vfp11_veneer  0x00000000        0x0 display/screen_tracklist.o
 .vfp11_veneer  0x00000000        0x0 display/screen_playlist.o
 .vfp11_veneer  0x00000000        0x0 display/screen_info.o
 .vfp11_veneer  0x00000000        0x0 interrupt/irq.o
 .vfp11_veneer  0x00000000        0x0 pwm/pwmirq.o
 .vfp11_veneer  0x00000000        0x0 keyboard/keyboard.o
 .vfp11_veneer  0x00000000        0x0 kernel/kernel.o
 .vfp11_veneer  0x00000000        0x0 timer/timerirq.o
 .vfp11_veneer  0x00000000        0x0 mpd/model.o
 .vfp11_veneer  0x00000000        0x0 mpd/mpd.o
 .vfp11_veneer  0x00000000        0x0 serial/serial.o
 .vfp11_veneer  0x00000000        0x0 /home/raap/CodeSourcery/Sourcery_G++_Lite/lib/gcc/arm-uclinuxeabi/4.3.2/libgcc.a(_divsi3.o)
 .vfp11_veneer  0x00000000        0x0 /home/raap/CodeSourcery/Sourcery_G++_Lite/lib/gcc/arm-uclinuxeabi/4.3.2/libgcc.a(_dvmd_tls.o)

.janus_2cc_veneer
                0x00000000        0x0
 .janus_2cc_veneer
                0x00000000        0x0 crt.o
 .janus_2cc_veneer
                0x00000000        0x0 isr.o
 .janus_2cc_veneer
                0x00000000        0x0 arm_exc.o
 .janus_2cc_veneer
                0x00000000        0x0 global.o
 .janus_2cc_veneer
                0x00000000        0x0 main.o
 .janus_2cc_veneer
                0x00000000        0x0 cc1100/cc1100.o
 .janus_2cc_veneer
                0x00000000        0x0 cc1100/rf.o
 .janus_2cc_veneer
                0x00000000        0x0 display/lcd.o
 .janus_2cc_veneer
                0x00000000        0x0 display/fonty.o
 .janus_2cc_veneer
                0x00000000        0x0 display/window.o
 .janus_2cc_veneer
                0x00000000        0x0 display/screen.o
 .janus_2cc_veneer
                0x00000000        0x0 display/screen_playing.o
 .janus_2cc_veneer
                0x00000000        0x0 display/screen_tracklist.o
 .janus_2cc_veneer
                0x00000000        0x0 display/screen_playlist.o
 .janus_2cc_veneer
                0x00000000        0x0 display/screen_info.o
 .janus_2cc_veneer
                0x00000000        0x0 interrupt/irq.o
 .janus_2cc_veneer
                0x00000000        0x0 pwm/pwmirq.o
 .janus_2cc_veneer
                0x00000000        0x0 keyboard/keyboard.o
 .janus_2cc_veneer
                0x00000000        0x0 kernel/kernel.o
 .janus_2cc_veneer
                0x00000000        0x0 timer/timerirq.o
 .janus_2cc_veneer
                0x00000000        0x0 mpd/model.o
 .janus_2cc_veneer
                0x00000000        0x0 mpd/mpd.o
 .janus_2cc_veneer
                0x00000000        0x0 serial/serial.o
 .janus_2cc_veneer
                0x00000000        0x0 /home/raap/CodeSourcery/Sourcery_G++_Lite/lib/gcc/arm-uclinuxeabi/4.3.2/libgcc.a(_divsi3.o)
 .janus_2cc_veneer
                0x00000000        0x0 /home/raap/CodeSourcery/Sourcery_G++_Lite/lib/gcc/arm-uclinuxeabi/4.3.2/libgcc.a(_dvmd_tls.o)

.v4_bx          0x00000000        0x0
 .v4_bx         0x00000000        0x0 crt.o
 .v4_bx         0x00000000        0x0 isr.o
 .v4_bx         0x00000000        0x0 arm_exc.o
 .v4_bx         0x00000000        0x0 global.o
 .v4_bx         0x00000000        0x0 main.o
 .v4_bx         0x00000000        0x0 cc1100/cc1100.o
 .v4_bx         0x00000000        0x0 cc1100/rf.o
 .v4_bx         0x00000000        0x0 display/lcd.o
 .v4_bx         0x00000000        0x0 display/fonty.o
 .v4_bx         0x00000000        0x0 display/window.o
 .v4_bx         0x00000000        0x0 display/screen.o
 .v4_bx         0x00000000        0x0 display/screen_playing.o
 .v4_bx         0x00000000        0x0 display/screen_tracklist.o
 .v4_bx         0x00000000        0x0 display/screen_playlist.o
 .v4_bx         0x00000000        0x0 display/screen_info.o
 .v4_bx         0x00000000        0x0 interrupt/irq.o
 .v4_bx         0x00000000        0x0 pwm/pwmirq.o
 .v4_bx         0x00000000        0x0 keyboard/keyboard.o
 .v4_bx         0x00000000        0x0 kernel/kernel.o
 .v4_bx         0x00000000        0x0 timer/timerirq.o
 .v4_bx         0x00000000        0x0 mpd/model.o
 .v4_bx         0x00000000        0x0 mpd/mpd.o
 .v4_bx         0x00000000        0x0 serial/serial.o
 .v4_bx         0x00000000        0x0 /home/raap/CodeSourcery/Sourcery_G++_Lite/lib/gcc/arm-uclinuxeabi/4.3.2/libgcc.a(_divsi3.o)
 .v4_bx         0x00000000        0x0 /home/raap/CodeSourcery/Sourcery_G++_Lite/lib/gcc/arm-uclinuxeabi/4.3.2/libgcc.a(_dvmd_tls.o)
                0x00000000                . = ALIGN (0x4)

.fastcode       0x40000000      0xc5c load address 0x8000a174
                0x8000a174                __fastcode_load = LOADADDR (.fastcode)
                0x40000000                __fastcode_start = .
 *(.text.fastcode)
 .text.fastcode
                0x40000000       0x64 crt.o
                0x40000000                ramvectors
                0x40000040                do_vic
 .text.fastcode
                0x40000064       0x28 isr.o
                0x40000088                BSP_fiq
                0x40000064                BSP_irq
 .text.fastcode
                0x4000008c      0x180 arm_exc.o
                0x4000019c                ARM_except
                0x4000017c                ARM_swi
                0x40000098                ARM_int_unlock_SYS
                0x40000174                ARM_undef
                0x400000a0                ARM_irq
                0x4000016c                ARM_reset
                0x40000184                ARM_pAbort
                0x40000194                ARM_reserved
                0x4000008c                ARM_int_lock_SYS
                0x40000108                ARM_fiq
                0x4000018c                ARM_dAbort
 .text.fastcode
                0x4000020c      0x964 display/lcd.o
 .text.fastcode
                0x40000b70       0xec pwm/pwmirq.o
                0x40000b70                pwmIRQ
                0x40000bf0                pwmM0IRQ
                0x40000c48                pwmM2IRQ
 *(.text.ramvectors)
 *(.text.do_vic)
 *(.text.do_fiq)
 *(.text.timerIRQ)
 *(.text.soundIRQ)
 *(.text.FIQ_Routine)
 *(.text.keyScanner)
 *(.text.adcIRQ)
 *(.text.irIRQ)
 *(.text.defIR)
 *(.text.NRC17_Encode)
 *(.text.ITT_Encode)
 *(.text.RC5_Encode)
 *(.text.RCA_Encode)
 *(.text.RCMM_Encode)
 *(.text.REC80_Encode)
 *(.text.RECS80_Encode)
 *(.text.SIRC_Encode)
 *(.text.SPACEENC_Encode)
 *(.text.cc1100IRQ)
 *(.text._evaluate)
 *(.text._push_state)
 *(.text._mcpy)
 *(.text._do_rcu)
 *(.text._do_rcuS)
 *(.text._draw_block)
 *(.text._draw_hline)
 *(.text._draw_vline)
                0x40000c5c                . = ALIGN (0x4)
                0x40000c5c                __fastcode_end = .

.data           0x40000c5c        0x8 load address 0x8000add0
                0x40000c5c                _data = .
 *(.data)
 .data          0x40000c5c        0x0 crt.o
 .data          0x40000c5c        0x0 isr.o
 .data          0x40000c5c        0x0 arm_exc.o
 .data          0x40000c5c        0x0 global.o
 .data          0x40000c5c        0x0 main.o
 .data          0x40000c5c        0x0 cc1100/cc1100.o
 .data          0x40000c5c        0x4 cc1100/rf.o
 .data          0x40000c60        0x0 display/lcd.o
 .data          0x40000c60        0x0 display/fonty.o
 .data          0x40000c60        0x0 display/window.o
 .data          0x40000c60        0x0 display/screen.o
 .data          0x40000c60        0x0 display/screen_playing.o
 .data          0x40000c60        0x0 display/screen_tracklist.o
 .data          0x40000c60        0x0 display/screen_playlist.o
 .data          0x40000c60        0x0 display/screen_info.o
 .data          0x40000c60        0x0 interrupt/irq.o
 .data          0x40000c60        0x0 pwm/pwmirq.o
 .data          0x40000c60        0x0 keyboard/keyboard.o
 .data          0x40000c60        0x4 kernel/kernel.o
                0x40000c60                wdt_cnt
 .data          0x40000c64        0x0 timer/timerirq.o
 .data          0x40000c64        0x0 mpd/model.o
 .data          0x40000c64        0x0 mpd/mpd.o
 .data          0x40000c64        0x0 serial/serial.o
 .data          0x40000c64        0x0 /home/raap/CodeSourcery/Sourcery_G++_Lite/lib/gcc/arm-uclinuxeabi/4.3.2/libgcc.a(_divsi3.o)
 .data          0x40000c64        0x0 /home/raap/CodeSourcery/Sourcery_G++_Lite/lib/gcc/arm-uclinuxeabi/4.3.2/libgcc.a(_dvmd_tls.o)
                0x40000c64                _edata = .
                0x40000c64                . = ALIGN (0x4)

.bss            0x40000c64     0x3454
                0x40000c64                _bss_start = .
 *(.bss)
 .bss           0x40000c64        0x0 crt.o
 .bss           0x40000c64        0x4 isr.o
 .bss           0x40000c68        0x0 arm_exc.o
 .bss           0x40000c68        0x4 global.o
 .bss           0x40000c6c        0x0 main.o
 .bss           0x40000c6c        0x0 cc1100/cc1100.o
 .bss           0x40000c6c      0x41c cc1100/rf.o
 .bss           0x40001088      0x310 display/lcd.o
 .bss           0x40001398       0x28 display/fonty.o
 .bss           0x400013c0       0x3c display/window.o
 .bss           0x400013fc       0x60 display/screen.o
 .bss           0x4000145c      0x510 display/screen_playing.o
 .bss           0x4000196c      0x468 display/screen_tracklist.o
 .bss           0x40001dd4      0x2e8 display/screen_playlist.o
 .bss           0x400020bc      0x148 display/screen_info.o
 .bss           0x40002204        0x0 interrupt/irq.o
 .bss           0x40002204       0x18 pwm/pwmirq.o
 .bss           0x4000221c       0x34 keyboard/keyboard.o
 .bss           0x40002250      0x264 kernel/kernel.o
                0x400024b0                trace_flags
 .bss           0x400024b4       0xcc timer/timerirq.o
 .bss           0x40002580     0x1038 mpd/model.o
 .bss           0x400035b8      0x6d4 mpd/mpd.o
 .bss           0x40003c8c      0x408 serial/serial.o
 .bss           0x40004094        0x0 /home/raap/CodeSourcery/Sourcery_G++_Lite/lib/gcc/arm-uclinuxeabi/4.3.2/libgcc.a(_divsi3.o)
 .bss           0x40004094        0x0 /home/raap/CodeSourcery/Sourcery_G++_Lite/lib/gcc/arm-uclinuxeabi/4.3.2/libgcc.a(_dvmd_tls.o)
 COMMON         0x40004094        0x8 display/lcd.o
                0x40004094                draw_block
                0x40004098                write_buf
 COMMON         0x4000409c        0x1 display/fonty.o
                0x4000409c                font_height
 *fill*         0x4000409d        0x3 00
 COMMON         0x400040a0        0x4 pwm/pwmirq.o
                0x400040a0                inactivity_cnt
 COMMON         0x400040a4        0x8 keyboard/keyboard.o
                0x400040a4                last_key
                0x400040a8                cur_key
 COMMON         0x400040ac        0x8 kernel/kernel.o
                0x400040ac                signals
                0x400040b0                cur_task
 COMMON         0x400040b4        0x4 serial/serial.o
                0x400040b4                fDebug
                0x400040b8                . = ALIGN (0x4)
                0x400040b8                _bss_end = .
                0x400040b8                _end = .
                0xe01fc040                PROVIDE (MEMMAP, 0xe01fc040)
                0xffe00000                PROVIDE (BCFG0, 0xffe00000)
                0xffe00004                PROVIDE (BCFG1, 0xffe00004)
                0xffe00008                PROVIDE (BCFG2, 0xffe00008)
                0xe002c000                PROVIDE (PINSEL0, 0xe002c000)
                0xe002c004                PROVIDE (PINSEL1, 0xe002c004)
                0xe002c014                PROVIDE (PINSEL2, 0xe002c014)
                0xe0028000                PROVIDE (IO0PIN, 0xe0028000)
                0xe0028008                PROVIDE (IO0DIR, 0xe0028008)
                0xe0028024                PROVIDE (IO2SET, 0xe0028024)
                0xe01fc1a0                PROVIDE (SCS, 0xe01fc1a0)
                0x3fffc000                PROVIDE (FIODIR0, 0x3fffc000)
                0xfffff030                PROVIDE (VICVectAddr, 0xfffff030)
LOAD crt.o
LOAD isr.o
LOAD arm_exc.o
LOAD global.o
LOAD main.o
LOAD cc1100/cc1100.o
LOAD cc1100/rf.o
LOAD display/lcd.o
LOAD display/fonty.o
LOAD display/window.o
LOAD display/screen.o
LOAD display/screen_playing.o
LOAD display/screen_tracklist.o
LOAD display/screen_playlist.o
LOAD display/screen_info.o
LOAD interrupt/irq.o
LOAD pwm/pwmirq.o
LOAD keyboard/keyboard.o
LOAD kernel/kernel.o
LOAD timer/timerirq.o
LOAD mpd/model.o
LOAD mpd/mpd.o
LOAD serial/serial.o
LOAD /home/raap/CodeSourcery/Sourcery_G++_Lite/lib/gcc/arm-uclinuxeabi/4.3.2/libgcc.a
OUTPUT(muc_rom.elf elf32-littlearm)

.stab           0x00000000      0x978
 .stab          0x00000000      0x4e0 crt.o
 .stab          0x000004e0      0x498 arm_exc.o
                                0x4a4 (size before relaxing)

.ARM.attributes
                0x00000000       0x2e
 .ARM.attributes
                0x00000000       0x20 crt.o
 .ARM.attributes
                0x00000020       0x30 isr.o
 .ARM.attributes
                0x00000050       0x20 arm_exc.o
 .ARM.attributes
                0x00000070       0x30 global.o
 .ARM.attributes
                0x000000a0       0x30 main.o
 .ARM.attributes
                0x000000d0       0x30 cc1100/cc1100.o
 .ARM.attributes
                0x00000100       0x30 cc1100/rf.o
 .ARM.attributes
                0x00000130       0x30 display/lcd.o
 .ARM.attributes
                0x00000160       0x30 display/fonty.o
 .ARM.attributes
                0x00000190       0x30 display/window.o
 .ARM.attributes
                0x000001c0       0x30 display/screen.o
 .ARM.attributes
                0x000001f0       0x30 display/screen_playing.o
 .ARM.attributes
                0x00000220       0x30 display/screen_tracklist.o
 .ARM.attributes
                0x00000250       0x30 display/screen_playlist.o
 .ARM.attributes
                0x00000280       0x30 display/screen_info.o
 .ARM.attributes
                0x000002b0       0x30 interrupt/irq.o
 .ARM.attributes
                0x000002e0       0x30 pwm/pwmirq.o
 .ARM.attributes
                0x00000310       0x30 keyboard/keyboard.o
 .ARM.attributes
                0x00000340       0x30 kernel/kernel.o
 .ARM.attributes
                0x00000370       0x30 timer/timerirq.o
 .ARM.attributes
                0x000003a0       0x30 mpd/model.o
 .ARM.attributes
                0x000003d0       0x30 mpd/mpd.o
 .ARM.attributes
                0x00000400       0x30 serial/serial.o
 .ARM.attributes
                0x00000430       0x14 /home/raap/CodeSourcery/Sourcery_G++_Lite/lib/gcc/arm-uclinuxeabi/4.3.2/libgcc.a(_divsi3.o)
 .ARM.attributes
                0x00000444       0x14 /home/raap/CodeSourcery/Sourcery_G++_Lite/lib/gcc/arm-uclinuxeabi/4.3.2/libgcc.a(_dvmd_tls.o)

.stabstr        0x00000000       0xde
 .stabstr       0x00000000       0xde crt.o

.comment        0x00000000      0x372
 .comment       0x00000000       0x2a isr.o
 .comment       0x0000002a       0x2a global.o
 .comment       0x00000054       0x2a main.o
 .comment       0x0000007e       0x2a cc1100/cc1100.o
 .comment       0x000000a8       0x2a cc1100/rf.o
 .comment       0x000000d2       0x2a display/lcd.o
 .comment       0x000000fc       0x2a display/fonty.o
 .comment       0x00000126       0x2a display/window.o
 .comment       0x00000150       0x2a display/screen.o
 .comment       0x0000017a       0x2a display/screen_playing.o
 .comment       0x000001a4       0x2a display/screen_tracklist.o
 .comment       0x000001ce       0x2a display/screen_playlist.o
 .comment       0x000001f8       0x2a display/screen_info.o
 .comment       0x00000222       0x2a interrupt/irq.o
 .comment       0x0000024c       0x2a pwm/pwmirq.o
 .comment       0x00000276       0x2a keyboard/keyboard.o
 .comment       0x000002a0       0x2a kernel/kernel.o
 .comment       0x000002ca       0x2a timer/timerirq.o
 .comment       0x000002f4       0x2a mpd/model.o
 .comment       0x0000031e       0x2a mpd/mpd.o
 .comment       0x00000348       0x2a serial/serial.o

.note.GNU-stack
                0x00000000        0x0
 .note.GNU-stack
                0x00000000        0x0 /home/raap/CodeSourcery/Sourcery_G++_Lite/lib/gcc/arm-uclinuxeabi/4.3.2/libgcc.a(_divsi3.o)
 .note.GNU-stack
                0x00000000        0x0 /home/raap/CodeSourcery/Sourcery_G++_Lite/lib/gcc/arm-uclinuxeabi/4.3.2/libgcc.a(_dvmd_tls.o)

.debug_frame    0x00000000       0x20
 .debug_frame   0x00000000       0x20 /home/raap/CodeSourcery/Sourcery_G++_Lite/lib/gcc/arm-uclinuxeabi/4.3.2/libgcc.a(_divsi3.o)
