Archive member included because of file (symbol)

/home/raap/CodeSourcery/Sourcery_G++_Lite/lib/gcc/arm-uclinuxeabi/4.3.2/libgcc.a(_divsi3.o)
                              display/screen_playing.o (__aeabi_idiv)
/home/raap/CodeSourcery/Sourcery_G++_Lite/lib/gcc/arm-uclinuxeabi/4.3.2/libgcc.a(_dvmd_tls.o)
                              /home/raap/CodeSourcery/Sourcery_G++_Lite/lib/gcc/arm-uclinuxeabi/4.3.2/libgcc.a(_divsi3.o) (__aeabi_idiv0)

Allocating common symbols
Common symbol       size              file

fDebug              0x4               serial/serial.o
draw_block          0x4               display/lcd.o
font_height         0x1               display/fonty.o
signals             0x4               kernel/kernel.o
write_buf           0x4               display/lcd.o
last_key            0x4               keyboard/keyboard.o
cur_key             0x4               keyboard/keyboard.o
inactivity_cnt      0x4               pwm/pwmirq.o

Memory Configuration

Name             Origin             Length             Attributes
ram              0x40000000         0x0000fc00
flash            0x80000000         0x00100000
*default*        0x00000000         0xffffffff

Linker script and memory map

                0x40010000                _stack_end = 0x40010000
                0x00000000                . = 0x0

startup
 *(.startup)
                0x00000000                . = ALIGN (0x4)

.text           0x80000000     0x9aac
 *(.text)
 .text          0x80000000      0x198 crt.o
                0x80000000                _startup
                0x80000008                Reset_Handler
 .text          0x80000198       0x78 isr.o
                0x80000198                eventFlagSet
                0x8000020c                BSP_abort
                0x80000208                ISR_spur
                0x800001c0                eventFlagCheck
 .text          0x80000210        0x0 arm_exc.o
 .text          0x80000210      0x2f8 global.o
                0x800004a0                rand_seed
                0x80000298                str_len
                0x800002f4                strn_cpy
                0x800004b0                rand
                0x80000210                max
                0x80000220                min
                0x800003f0                strn_cpy_cmp
                0x80000358                str_cat_max
                0x8000045c                atoi
                0x80000230                abs
                0x800002c0                strchr
                0x8000023c                strstart
 .text          0x80000508      0x1b8 main.o
                0x80000508                setSpeed
                0x800005f8                main
 .text          0x800006c0      0x3d8 cc1100/cc1100.o
                0x80000820                cc1100_read_status_reg_otf
                0x80000978                cc1100_write1
                0x800009a4                cc1100_init
                0x800009a0                cc1100_write
                0x800006c0                spi_read
                0x800007f8                cc1100_read1
                0x80000850                spi_write
                0x800007f0                cc1100_read
                0x8000096c                cc1100_strobe
 .text          0x80000a98      0x518 cc1100/rf.o
                0x80000ae0                startcc1100IRQ
                0x80000ab4                get_from_rx_buf
                0x80000c1c                rx_reset
                0x80000b98                RF_init
                0x80000cd4                rfRcvPacket
                0x80000e50                rxIRQ
                0x80000e8c                send_cmd
                0x80000a98                rx_buf_empty
 .text          0x80000fb0      0x818 display/lcd.o
                0x80001034                lcd_scroll
                0x80001590                lcd_enable
                0x80001320                draw_trianglebar
                0x8000129c                draw_progressbar
                0x800015b0                lcd_init
                0x80001534                lcd_fill
                0x80001408                trianglebar_border
                0x80001124                draw_rect
                0x80000fb0                store_buf
 .text          0x800017c8      0xc04 display/fonty.o
                0x80001f9c                draw_char
                0x800018f0                get_hex_digits
                0x800017dc                set_font
                0x80001f20                compose_string
                0x80001f64                scroll
                0x800022ac                draw_text_space
                0x80001920                get_digits
                0x80001c9c                sec2hms
                0x800017c8                init_font
                0x80001eb4                compose_string2
 .text          0x800023cc      0xcb0 display/window.o
                0x80002da4                sel_win_down
                0x800025a8                last_info_idx
                0x80002b24                win_new_text
                0x80002b5c                scroll_list_changed
                0x8000302c                select
                0x800029c8                win_draw_text
                0x800025bc                info_idx
                0x8000279c                win_scroll_init
                0x800023cc                win_init
                0x80002bf0                win_draw_border
                0x80002884                win_scroll_all
                0x8000258c                unselect_win
                0x80002c48                win_redraw
                0x80002538                win_unscroll
                0x800025ec                init_scroll_list
                0x80002570                select_win
                0x80002504                win_scroll
                0x80002ee4                sel_win_up
                0x8000244c                win_clear
 .text          0x8000307c      0x3bc display/screen.o
                0x800030f8                screen_enter
                0x8000307c                screen_visible
                0x800031b4                mainscreen_keypress
                0x80003374                mainscreen_init
                0x80003174                switch_screen
                0x800033e0                screen_redraw
                0x80003130                show_new_screen
 .text          0x80003438      0x898 display/screen_playing.o
                0x80003620                view_random_changed
                0x80003664                view_state_changed
                0x800035dc                view_repeat_changed
                0x800036c8                view_artist_changed
                0x80003700                view_volume_changed
                0x80003860                view_time_changed
                0x800036e4                view_title_changed
                0x80003598                view_single_changed
                0x8000392c                playing_screen_init
                0x80003438                playing_keypress
 .text          0x80003cd0      0x328 display/screen_tracklist.o
                0x80003e90                tracklist_keypress
                0x80003cd0                tracklist_screen_init
                0x80003d88                view_tracklist_changed
 .text          0x80003ff8      0x238 display/screen_playlist.o
                0x800040c4                playlist_keypress
                0x80003ff8                playlist_screen_init
                0x800040ac                view_playlist_changed
 .text          0x80004230      0x2f4 display/screen_info.o
                0x80004230                set_error
                0x80004400                info_screen_init
                0x800042cc                detect_errors
                0x80004264                info_keypress
                0x80004248                clr_error
 .text          0x80004524       0x18 interrupt/irq.o
                0x80004538                UNDEF_Routine
                0x80004534                SWI_Routine
                0x80004524                enableIRQ
 .text          0x8000453c      0x170 pwm/pwmirq.o
                0x8000453c                startPWMIRQ
                0x800045d8                backl_proc
 .text          0x800046ac      0x330 keyboard/keyboard.o
                0x800046ac                set_keypress_handler
                0x8000496c                key_init
                0x80004704                key_scan
                0x800046bc                key_change
 .text          0x800049dc      0x35c kernel/kernel.o
                0x80004a34                defaultIRQ
                0x80004b5c                schedule
                0x80004c74                kernel_init
                0x80004a70                system_time
                0x80004a58                delay
                0x80004a80                timerIRQ
                0x800049dc                signal_set
                0x80004ac8                task_add
                0x80004b3c                task_del
                0x80004a04                signal_clr
 .text          0x80004d38      0x15c timer/timerirq.o
                0x80004da4                timer_del
                0x80004d38                timer_init
                0x80004e18                timer_expired
                0x80004d4c                timer_add
                0x80004e20                timer_tick
 .text          0x80004e94     0x10e8 mpd/model.o
                0x800056f8                mpd_set_title
                0x80005ae0                model_store_track
                0x80005060                user_wants_state
                0x8000516c                user_toggle_repeat
                0x8000576c                mpd_set_artist
                0x8000520c                mpd_get_song
                0x800055cc                mpd_status_ok
                0x800058f8                set_playlistlength
                0x800051b8                mpd_single_ok
                0x800052b4                user_wants_next
                0x80005958                mpd_pos_ok
                0x80005354                model_reset
                0x800055e8                user_wants_volume_add
                0x80005080                user_toggle_pause
                0x800052dc                mpd_get_volume
                0x8000503c                mpd_get_state
                0x800056b4                model_check_mpd_dead
                0x80004f8c                mpd_get_time_total
                0x80004fac                mpd_set_time
                0x80005428                model_init
                0x80005284                user_song_unknown
                0x80005a50                mpd_load_ok
                0x800051e0                user_toggle_single
                0x800052c8                user_wants_prev
                0x8000525c                mpd_set_id
                0x800050f8                user_toggle_random
                0x80004eb8                mpd_get_playlistname
                0x80005070                user_get_state
                0x8000521c                mpd_get_curtitle
                0x80005004                user_wants_time_add
                0x80004eec                start_reading_playlists
                0x80005ef8                mpd_set_playlistname
                0x80004f9c                mpd_get_time_elapsed
                0x8000566c                user_wants_playlist
                0x80005144                mpd_repeat_ok
                0x80004ea4                model_reset_changed
                0x8000522c                mpd_get_curartist
                0x80005490                tracklist_range_set
                0x80004e94                model_get_changed
                0x80004f78                mpd_playlist_last
                0x80004f14                track_info
                0x800050c0                mpd_set_random
                0x80005624                user_wants_song
                0x800051a8                mpd_set_single
                0x80005124                mpd_get_repeat
                0x800052ec                mpd_set_volume
                0x80005310                user_toggle_mute
                0x800057dc                mpd_set_pos
                0x80005134                mpd_set_repeat
                0x80005b90                action_needed
                0x8000523c                user_set_pos
                0x80005998                mpd_set_state
                0x8000504c                mpd_state_ack
                0x800050d0                mpd_random_ok
                0x80005198                mpd_get_single
                0x80005a84                mpd_state_ok
                0x80005344                model_set_last_response
                0x80005a94                mpd_inc_time
                0x800050b0                mpd_get_random
                0x8000524c                user_get_pos
 .text          0x80005f7c     0x12dc mpd/mpd.o
                0x80006f7c                process_rpt
                0x800061f4                update_playtime
                0x80006fb0                process_rnd
                0x80006f48                process_sgl
                0x80006f14                process_song
                0x80006c88                assemble_line
                0x80006b60                controller
                0x8000636c                collect_lines
                0x80006dc4                process_playlistinfo_line
                0x80006fe4                process_load_line
                0x8000625c                inform_view
                0x8000644c                handle_cmd
                0x80007018                process_status_line
                0x80005f7c                process_ok
 .text          0x80007258      0x51c serial/serial.o
                0x800072f0                serial_init
                0x80007258                serial_out
                0x80007670                debug_out
 .text          0x80007774      0x148 /home/raap/CodeSourcery/Sourcery_G++_Lite/lib/gcc/arm-uclinuxeabi/4.3.2/libgcc.a(_divsi3.o)
                0x80007774                __aeabi_idiv
                0x80007774                __divsi3
                0x8000789c                __aeabi_idivmod
 .text          0x800078bc        0x4 /home/raap/CodeSourcery/Sourcery_G++_Lite/lib/gcc/arm-uclinuxeabi/4.3.2/libgcc.a(_dvmd_tls.o)
                0x800078bc                __aeabi_ldiv0
                0x800078bc                __aeabi_idiv0
 *(.rodata)
 .rodata        0x800078c0       0x2f cc1100/cc1100.o
 *fill*         0x800078ef        0x1 00
 .rodata        0x800078f0       0x18 display/lcd.o
 .rodata        0x80007908     0x1dac display/fonty.o
                0x800096a8                smooth_font_maxchar
                0x800096b0                misc_font_maxchar
                0x8000969c                pearl_font_height
                0x800096a0                pearl_font_maxchar
                0x800096ac                misc_font_height
                0x8000950c                pearl_font_info
                0x800085c4                misc_font_info
                0x800096a4                smooth_font_height
                0x800090ae                smooth_font_cpos
                0x80007908                misc_font_bits
                0x800092ae                pearl_font_bits
                0x800088c4                smooth_font_bits
                0x80008fae                smooth_font_info
                0x800086c4                misc_font_cpos
                0x8000958c                pearl_font_cpos
 *(.rodata*)
 .rodata.str1.4
                0x800096b4       0x34 cc1100/rf.o
 .rodata.str1.4
                0x800096e8        0x6 display/fonty.o
                                 0x10 (size before relaxing)
 .rodata.str1.4
                0x00000000        0x6 display/window.o
                                  0x4 (size before relaxing)
 *fill*         0x800096ee        0x2 00
 .rodata.str1.4
                0x800096f0       0x42 display/screen_playing.o
                                 0x4c (size before relaxing)
 *fill*         0x80009732        0x2 00
 .rodata.str1.4
                0x80009734        0xf display/screen_tracklist.o
                                 0x10 (size before relaxing)
 *fill*         0x80009743        0x1 00
 .rodata.str1.4
                0x80009744       0x12 display/screen_playlist.o
                                 0x14 (size before relaxing)
 *fill*         0x80009756        0x2 00
 .rodata.str1.4
                0x80009758      0x109 display/screen_info.o
                                0x10c (size before relaxing)
 *fill*         0x80009861        0x3 00
 .rodata.str1.4
                0x80009864        0xa mpd/model.o
                                 0x10 (size before relaxing)
 *fill*         0x8000986e        0x2 00
 .rodata.str1.4
                0x80009870      0x23c mpd/mpd.o
                                0x240 (size before relaxing)
 *(.glue_7)
 .glue_7        0x80009aac        0x0 crt.o
 .glue_7        0x80009aac        0x0 isr.o
 .glue_7        0x80009aac        0x0 arm_exc.o
 .glue_7        0x80009aac        0x0 global.o
 .glue_7        0x80009aac        0x0 main.o
 .glue_7        0x80009aac        0x0 cc1100/cc1100.o
 .glue_7        0x80009aac        0x0 cc1100/rf.o
 .glue_7        0x80009aac        0x0 display/lcd.o
 .glue_7        0x80009aac        0x0 display/fonty.o
 .glue_7        0x80009aac        0x0 display/window.o
 .glue_7        0x80009aac        0x0 display/screen.o
 .glue_7        0x80009aac        0x0 display/screen_playing.o
 .glue_7        0x80009aac        0x0 display/screen_tracklist.o
 .glue_7        0x80009aac        0x0 display/screen_playlist.o
 .glue_7        0x80009aac        0x0 display/screen_info.o
 .glue_7        0x80009aac        0x0 interrupt/irq.o
 .glue_7        0x80009aac        0x0 pwm/pwmirq.o
 .glue_7        0x80009aac        0x0 keyboard/keyboard.o
 .glue_7        0x80009aac        0x0 kernel/kernel.o
 .glue_7        0x80009aac        0x0 timer/timerirq.o
 .glue_7        0x80009aac        0x0 mpd/model.o
 .glue_7        0x80009aac        0x0 mpd/mpd.o
 .glue_7        0x80009aac        0x0 serial/serial.o
 .glue_7        0x80009aac        0x0 /home/raap/CodeSourcery/Sourcery_G++_Lite/lib/gcc/arm-uclinuxeabi/4.3.2/libgcc.a(_divsi3.o)
 .glue_7        0x80009aac        0x0 /home/raap/CodeSourcery/Sourcery_G++_Lite/lib/gcc/arm-uclinuxeabi/4.3.2/libgcc.a(_dvmd_tls.o)
 *(.glue_7t)
 .glue_7t       0x80009aac        0x0 crt.o
 .glue_7t       0x80009aac        0x0 isr.o
 .glue_7t       0x80009aac        0x0 arm_exc.o
 .glue_7t       0x80009aac        0x0 global.o
 .glue_7t       0x80009aac        0x0 main.o
 .glue_7t       0x80009aac        0x0 cc1100/cc1100.o
 .glue_7t       0x80009aac        0x0 cc1100/rf.o
 .glue_7t       0x80009aac        0x0 display/lcd.o
 .glue_7t       0x80009aac        0x0 display/fonty.o
 .glue_7t       0x80009aac        0x0 display/window.o
 .glue_7t       0x80009aac        0x0 display/screen.o
 .glue_7t       0x80009aac        0x0 display/screen_playing.o
 .glue_7t       0x80009aac        0x0 display/screen_tracklist.o
 .glue_7t       0x80009aac        0x0 display/screen_playlist.o
 .glue_7t       0x80009aac        0x0 display/screen_info.o
 .glue_7t       0x80009aac        0x0 interrupt/irq.o
 .glue_7t       0x80009aac        0x0 pwm/pwmirq.o
 .glue_7t       0x80009aac        0x0 keyboard/keyboard.o
 .glue_7t       0x80009aac        0x0 kernel/kernel.o
 .glue_7t       0x80009aac        0x0 timer/timerirq.o
 .glue_7t       0x80009aac        0x0 mpd/model.o
 .glue_7t       0x80009aac        0x0 mpd/mpd.o
 .glue_7t       0x80009aac        0x0 serial/serial.o
 .glue_7t       0x80009aac        0x0 /home/raap/CodeSourcery/Sourcery_G++_Lite/lib/gcc/arm-uclinuxeabi/4.3.2/libgcc.a(_divsi3.o)
 .glue_7t       0x80009aac        0x0 /home/raap/CodeSourcery/Sourcery_G++_Lite/lib/gcc/arm-uclinuxeabi/4.3.2/libgcc.a(_dvmd_tls.o)
                0x80009aac                _etext = .

.vfp11_veneer   0x00000000        0x0
 .vfp11_veneer  0x00000000        0x0 crt.o
 .vfp11_veneer  0x00000000        0x0 isr.o
 .vfp11_veneer  0x00000000        0x0 arm_exc.o
 .vfp11_veneer  0x00000000        0x0 global.o
 .vfp11_veneer  0x00000000        0x0 main.o
 .vfp11_veneer  0x00000000        0x0 cc1100/cc1100.o
 .vfp11_veneer  0x00000000        0x0 cc1100/rf.o
 .vfp11_veneer  0x00000000        0x0 display/lcd.o
 .vfp11_veneer  0x00000000        0x0 display/fonty.o
 .vfp11_veneer  0x00000000        0x0 display/window.o
 .vfp11_veneer  0x00000000        0x0 display/screen.o
 .vfp11_veneer  0x00000000        0x0 display/screen_playing.o
 .vfp11_veneer  0x00000000        0x0 display/screen_tracklist.o
 .vfp11_veneer  0x00000000        0x0 display/screen_playlist.o
 .vfp11_veneer  0x00000000        0x0 display/screen_info.o
 .vfp11_veneer  0x00000000        0x0 interrupt/irq.o
 .vfp11_veneer  0x00000000        0x0 pwm/pwmirq.o
 .vfp11_veneer  0x00000000        0x0 keyboard/keyboard.o
 .vfp11_veneer  0x00000000        0x0 kernel/kernel.o
 .vfp11_veneer  0x00000000        0x0 timer/timerirq.o
 .vfp11_veneer  0x00000000        0x0 mpd/model.o
 .vfp11_veneer  0x00000000        0x0 mpd/mpd.o
 .vfp11_veneer  0x00000000        0x0 serial/serial.o
 .vfp11_veneer  0x00000000        0x0 /home/raap/CodeSourcery/Sourcery_G++_Lite/lib/gcc/arm-uclinuxeabi/4.3.2/libgcc.a(_divsi3.o)
 .vfp11_veneer  0x00000000        0x0 /home/raap/CodeSourcery/Sourcery_G++_Lite/lib/gcc/arm-uclinuxeabi/4.3.2/libgcc.a(_dvmd_tls.o)

.janus_2cc_veneer
                0x00000000        0x0
 .janus_2cc_veneer
                0x00000000        0x0 crt.o
 .janus_2cc_veneer
                0x00000000        0x0 isr.o
 .janus_2cc_veneer
                0x00000000        0x0 arm_exc.o
 .janus_2cc_veneer
                0x00000000        0x0 global.o
 .janus_2cc_veneer
                0x00000000        0x0 main.o
 .janus_2cc_veneer
                0x00000000        0x0 cc1100/cc1100.o
 .janus_2cc_veneer
                0x00000000        0x0 cc1100/rf.o
 .janus_2cc_veneer
                0x00000000        0x0 display/lcd.o
 .janus_2cc_veneer
                0x00000000        0x0 display/fonty.o
 .janus_2cc_veneer
                0x00000000        0x0 display/window.o
 .janus_2cc_veneer
                0x00000000        0x0 display/screen.o
 .janus_2cc_veneer
                0x00000000        0x0 display/screen_playing.o
 .janus_2cc_veneer
                0x00000000        0x0 display/screen_tracklist.o
 .janus_2cc_veneer
                0x00000000        0x0 display/screen_playlist.o
 .janus_2cc_veneer
                0x00000000        0x0 display/screen_info.o
 .janus_2cc_veneer
                0x00000000        0x0 interrupt/irq.o
 .janus_2cc_veneer
                0x00000000        0x0 pwm/pwmirq.o
 .janus_2cc_veneer
                0x00000000        0x0 keyboard/keyboard.o
 .janus_2cc_veneer
                0x00000000        0x0 kernel/kernel.o
 .janus_2cc_veneer
                0x00000000        0x0 timer/timerirq.o
 .janus_2cc_veneer
                0x00000000        0x0 mpd/model.o
 .janus_2cc_veneer
                0x00000000        0x0 mpd/mpd.o
 .janus_2cc_veneer
                0x00000000        0x0 serial/serial.o
 .janus_2cc_veneer
                0x00000000        0x0 /home/raap/CodeSourcery/Sourcery_G++_Lite/lib/gcc/arm-uclinuxeabi/4.3.2/libgcc.a(_divsi3.o)
 .janus_2cc_veneer
                0x00000000        0x0 /home/raap/CodeSourcery/Sourcery_G++_Lite/lib/gcc/arm-uclinuxeabi/4.3.2/libgcc.a(_dvmd_tls.o)

.v4_bx          0x00000000        0x0
 .v4_bx         0x00000000        0x0 crt.o
 .v4_bx         0x00000000        0x0 isr.o
 .v4_bx         0x00000000        0x0 arm_exc.o
 .v4_bx         0x00000000        0x0 global.o
 .v4_bx         0x00000000        0x0 main.o
 .v4_bx         0x00000000        0x0 cc1100/cc1100.o
 .v4_bx         0x00000000        0x0 cc1100/rf.o
 .v4_bx         0x00000000        0x0 display/lcd.o
 .v4_bx         0x00000000        0x0 display/fonty.o
 .v4_bx         0x00000000        0x0 display/window.o
 .v4_bx         0x00000000        0x0 display/screen.o
 .v4_bx         0x00000000        0x0 display/screen_playing.o
 .v4_bx         0x00000000        0x0 display/screen_tracklist.o
 .v4_bx         0x00000000        0x0 display/screen_playlist.o
 .v4_bx         0x00000000        0x0 display/screen_info.o
 .v4_bx         0x00000000        0x0 interrupt/irq.o
 .v4_bx         0x00000000        0x0 pwm/pwmirq.o
 .v4_bx         0x00000000        0x0 keyboard/keyboard.o
 .v4_bx         0x00000000        0x0 kernel/kernel.o
 .v4_bx         0x00000000        0x0 timer/timerirq.o
 .v4_bx         0x00000000        0x0 mpd/model.o
 .v4_bx         0x00000000        0x0 mpd/mpd.o
 .v4_bx         0x00000000        0x0 serial/serial.o
 .v4_bx         0x00000000        0x0 /home/raap/CodeSourcery/Sourcery_G++_Lite/lib/gcc/arm-uclinuxeabi/4.3.2/libgcc.a(_divsi3.o)
 .v4_bx         0x00000000        0x0 /home/raap/CodeSourcery/Sourcery_G++_Lite/lib/gcc/arm-uclinuxeabi/4.3.2/libgcc.a(_dvmd_tls.o)
                0x00000000                . = ALIGN (0x4)

.fastcode       0x40000000      0xc5c load address 0x80009aac
                0x80009aac                __fastcode_load = LOADADDR (.fastcode)
                0x40000000                __fastcode_start = .
 *(.text.fastcode)
 .text.fastcode
                0x40000000       0x64 crt.o
                0x40000000                ramvectors
                0x40000040                do_vic
 .text.fastcode
                0x40000064       0x28 isr.o
                0x40000088                BSP_fiq
                0x40000064                BSP_irq
 .text.fastcode
                0x4000008c      0x180 arm_exc.o
                0x4000019c                ARM_except
                0x4000017c                ARM_swi
                0x40000098                ARM_int_unlock_SYS
                0x40000174                ARM_undef
                0x400000a0                ARM_irq
                0x4000016c                ARM_reset
                0x40000184                ARM_pAbort
                0x40000194                ARM_reserved
                0x4000008c                ARM_int_lock_SYS
                0x40000108                ARM_fiq
                0x4000018c                ARM_dAbort
 .text.fastcode
                0x4000020c      0x964 display/lcd.o
 .text.fastcode
                0x40000b70       0xec pwm/pwmirq.o
                0x40000b70                pwmIRQ
                0x40000bf0                pwmM0IRQ
                0x40000c48                pwmM2IRQ
 *(.text.ramvectors)
 *(.text.do_vic)
 *(.text.do_fiq)
 *(.text.timerIRQ)
 *(.text.soundIRQ)
 *(.text.FIQ_Routine)
 *(.text.keyScanner)
 *(.text.adcIRQ)
 *(.text.irIRQ)
 *(.text.defIR)
 *(.text.NRC17_Encode)
 *(.text.ITT_Encode)
 *(.text.RC5_Encode)
 *(.text.RCA_Encode)
 *(.text.RCMM_Encode)
 *(.text.REC80_Encode)
 *(.text.RECS80_Encode)
 *(.text.SIRC_Encode)
 *(.text.SPACEENC_Encode)
 *(.text.cc1100IRQ)
 *(.text._evaluate)
 *(.text._push_state)
 *(.text._mcpy)
 *(.text._do_rcu)
 *(.text._do_rcuS)
 *(.text._draw_block)
 *(.text._draw_hline)
 *(.text._draw_vline)
                0x40000c5c                . = ALIGN (0x4)
                0x40000c5c                __fastcode_end = .

.data           0x40000c5c        0x4 load address 0x8000a708
                0x40000c5c                _data = .
 *(.data)
 .data          0x40000c5c        0x0 crt.o
 .data          0x40000c5c        0x0 isr.o
 .data          0x40000c5c        0x0 arm_exc.o
 .data          0x40000c5c        0x0 global.o
 .data          0x40000c5c        0x0 main.o
 .data          0x40000c5c        0x0 cc1100/cc1100.o
 .data          0x40000c5c        0x4 cc1100/rf.o
 .data          0x40000c60        0x0 display/lcd.o
 .data          0x40000c60        0x0 display/fonty.o
 .data          0x40000c60        0x0 display/window.o
 .data          0x40000c60        0x0 display/screen.o
 .data          0x40000c60        0x0 display/screen_playing.o
 .data          0x40000c60        0x0 display/screen_tracklist.o
 .data          0x40000c60        0x0 display/screen_playlist.o
 .data          0x40000c60        0x0 display/screen_info.o
 .data          0x40000c60        0x0 interrupt/irq.o
 .data          0x40000c60        0x0 pwm/pwmirq.o
 .data          0x40000c60        0x0 keyboard/keyboard.o
 .data          0x40000c60        0x0 kernel/kernel.o
 .data          0x40000c60        0x0 timer/timerirq.o
 .data          0x40000c60        0x0 mpd/model.o
 .data          0x40000c60        0x0 mpd/mpd.o
 .data          0x40000c60        0x0 serial/serial.o
 .data          0x40000c60        0x0 /home/raap/CodeSourcery/Sourcery_G++_Lite/lib/gcc/arm-uclinuxeabi/4.3.2/libgcc.a(_divsi3.o)
 .data          0x40000c60        0x0 /home/raap/CodeSourcery/Sourcery_G++_Lite/lib/gcc/arm-uclinuxeabi/4.3.2/libgcc.a(_dvmd_tls.o)
                0x40000c60                _edata = .
                0x40000c60                . = ALIGN (0x4)

.bss            0x40000c60     0x315c
                0x40000c60                _bss_start = .
 *(.bss)
 .bss           0x40000c60        0x0 crt.o
 .bss           0x40000c60        0x4 isr.o
 .bss           0x40000c64        0x0 arm_exc.o
 .bss           0x40000c64        0x4 global.o
 .bss           0x40000c68        0x0 main.o
 .bss           0x40000c68        0x0 cc1100/cc1100.o
 .bss           0x40000c68      0x41c cc1100/rf.o
 .bss           0x40001084      0x310 display/lcd.o
 .bss           0x40001394       0x28 display/fonty.o
 .bss           0x400013bc       0x3c display/window.o
 .bss           0x400013f8       0x5c display/screen.o
 .bss           0x40001454      0x510 display/screen_playing.o
 .bss           0x40001964      0x468 display/screen_tracklist.o
 .bss           0x40001dcc      0x2e8 display/screen_playlist.o
 .bss           0x400020b4      0x148 display/screen_info.o
 .bss           0x400021fc        0x0 interrupt/irq.o
 .bss           0x400021fc       0x18 pwm/pwmirq.o
 .bss           0x40002214       0x34 keyboard/keyboard.o
 .bss           0x40002248      0x260 kernel/kernel.o
 .bss           0x400024a8       0xcc timer/timerirq.o
 .bss           0x40002574      0xd50 mpd/model.o
 .bss           0x400032c4      0x6d0 mpd/mpd.o
 .bss           0x40003994      0x408 serial/serial.o
 .bss           0x40003d9c        0x0 /home/raap/CodeSourcery/Sourcery_G++_Lite/lib/gcc/arm-uclinuxeabi/4.3.2/libgcc.a(_divsi3.o)
 .bss           0x40003d9c        0x0 /home/raap/CodeSourcery/Sourcery_G++_Lite/lib/gcc/arm-uclinuxeabi/4.3.2/libgcc.a(_dvmd_tls.o)
 COMMON         0x40003d9c        0x8 display/lcd.o
                0x40003d9c                draw_block
                0x40003da0                write_buf
 COMMON         0x40003da4        0x1 display/fonty.o
                0x40003da4                font_height
 *fill*         0x40003da5        0x3 00
 COMMON         0x40003da8        0x4 pwm/pwmirq.o
                0x40003da8                inactivity_cnt
 COMMON         0x40003dac        0x8 keyboard/keyboard.o
                0x40003dac                last_key
                0x40003db0                cur_key
 COMMON         0x40003db4        0x4 kernel/kernel.o
                0x40003db4                signals
 COMMON         0x40003db8        0x4 serial/serial.o
                0x40003db8                fDebug
                0x40003dbc                . = ALIGN (0x4)
                0x40003dbc                _bss_end = .
                0x40003dbc                _end = .
                0xe01fc040                PROVIDE (MEMMAP, 0xe01fc040)
                0xffe00000                PROVIDE (BCFG0, 0xffe00000)
                0xffe00004                PROVIDE (BCFG1, 0xffe00004)
                0xffe00008                PROVIDE (BCFG2, 0xffe00008)
                0xe002c000                PROVIDE (PINSEL0, 0xe002c000)
                0xe002c004                PROVIDE (PINSEL1, 0xe002c004)
                0xe002c014                PROVIDE (PINSEL2, 0xe002c014)
                0xe0028000                PROVIDE (IO0PIN, 0xe0028000)
                0xe0028008                PROVIDE (IO0DIR, 0xe0028008)
                0xe0028024                PROVIDE (IO2SET, 0xe0028024)
                0xe01fc1a0                PROVIDE (SCS, 0xe01fc1a0)
                0x3fffc000                PROVIDE (FIODIR0, 0x3fffc000)
                0xfffff030                PROVIDE (VICVectAddr, 0xfffff030)
LOAD crt.o
LOAD isr.o
LOAD arm_exc.o
LOAD global.o
LOAD main.o
LOAD cc1100/cc1100.o
LOAD cc1100/rf.o
LOAD display/lcd.o
LOAD display/fonty.o
LOAD display/window.o
LOAD display/screen.o
LOAD display/screen_playing.o
LOAD display/screen_tracklist.o
LOAD display/screen_playlist.o
LOAD display/screen_info.o
LOAD interrupt/irq.o
LOAD pwm/pwmirq.o
LOAD keyboard/keyboard.o
LOAD kernel/kernel.o
LOAD timer/timerirq.o
LOAD mpd/model.o
LOAD mpd/mpd.o
LOAD serial/serial.o
LOAD /home/raap/CodeSourcery/Sourcery_G++_Lite/lib/gcc/arm-uclinuxeabi/4.3.2/libgcc.a
OUTPUT(muc_rom.elf elf32-littlearm)

.stab           0x00000000      0x978
 .stab          0x00000000      0x4e0 crt.o
 .stab          0x000004e0      0x498 arm_exc.o
                                0x4a4 (size before relaxing)

.ARM.attributes
                0x00000000       0x2e
 .ARM.attributes
                0x00000000       0x20 crt.o
 .ARM.attributes
                0x00000020       0x30 isr.o
 .ARM.attributes
                0x00000050       0x20 arm_exc.o
 .ARM.attributes
                0x00000070       0x30 global.o
 .ARM.attributes
                0x000000a0       0x30 main.o
 .ARM.attributes
                0x000000d0       0x30 cc1100/cc1100.o
 .ARM.attributes
                0x00000100       0x30 cc1100/rf.o
 .ARM.attributes
                0x00000130       0x30 display/lcd.o
 .ARM.attributes
                0x00000160       0x30 display/fonty.o
 .ARM.attributes
                0x00000190       0x30 display/window.o
 .ARM.attributes
                0x000001c0       0x30 display/screen.o
 .ARM.attributes
                0x000001f0       0x30 display/screen_playing.o
 .ARM.attributes
                0x00000220       0x30 display/screen_tracklist.o
 .ARM.attributes
                0x00000250       0x30 display/screen_playlist.o
 .ARM.attributes
                0x00000280       0x30 display/screen_info.o
 .ARM.attributes
                0x000002b0       0x30 interrupt/irq.o
 .ARM.attributes
                0x000002e0       0x30 pwm/pwmirq.o
 .ARM.attributes
                0x00000310       0x30 keyboard/keyboard.o
 .ARM.attributes
                0x00000340       0x30 kernel/kernel.o
 .ARM.attributes
                0x00000370       0x30 timer/timerirq.o
 .ARM.attributes
                0x000003a0       0x30 mpd/model.o
 .ARM.attributes
                0x000003d0       0x30 mpd/mpd.o
 .ARM.attributes
                0x00000400       0x30 serial/serial.o
 .ARM.attributes
                0x00000430       0x14 /home/raap/CodeSourcery/Sourcery_G++_Lite/lib/gcc/arm-uclinuxeabi/4.3.2/libgcc.a(_divsi3.o)
 .ARM.attributes
                0x00000444       0x14 /home/raap/CodeSourcery/Sourcery_G++_Lite/lib/gcc/arm-uclinuxeabi/4.3.2/libgcc.a(_dvmd_tls.o)

.stabstr        0x00000000       0xde
 .stabstr       0x00000000       0xde crt.o

.comment        0x00000000      0x372
 .comment       0x00000000       0x2a isr.o
 .comment       0x0000002a       0x2a global.o
 .comment       0x00000054       0x2a main.o
 .comment       0x0000007e       0x2a cc1100/cc1100.o
 .comment       0x000000a8       0x2a cc1100/rf.o
 .comment       0x000000d2       0x2a display/lcd.o
 .comment       0x000000fc       0x2a display/fonty.o
 .comment       0x00000126       0x2a display/window.o
 .comment       0x00000150       0x2a display/screen.o
 .comment       0x0000017a       0x2a display/screen_playing.o
 .comment       0x000001a4       0x2a display/screen_tracklist.o
 .comment       0x000001ce       0x2a display/screen_playlist.o
 .comment       0x000001f8       0x2a display/screen_info.o
 .comment       0x00000222       0x2a interrupt/irq.o
 .comment       0x0000024c       0x2a pwm/pwmirq.o
 .comment       0x00000276       0x2a keyboard/keyboard.o
 .comment       0x000002a0       0x2a kernel/kernel.o
 .comment       0x000002ca       0x2a timer/timerirq.o
 .comment       0x000002f4       0x2a mpd/model.o
 .comment       0x0000031e       0x2a mpd/mpd.o
 .comment       0x00000348       0x2a serial/serial.o

.note.GNU-stack
                0x00000000        0x0
 .note.GNU-stack
                0x00000000        0x0 /home/raap/CodeSourcery/Sourcery_G++_Lite/lib/gcc/arm-uclinuxeabi/4.3.2/libgcc.a(_divsi3.o)
 .note.GNU-stack
                0x00000000        0x0 /home/raap/CodeSourcery/Sourcery_G++_Lite/lib/gcc/arm-uclinuxeabi/4.3.2/libgcc.a(_dvmd_tls.o)

.debug_frame    0x00000000       0x20
 .debug_frame   0x00000000       0x20 /home/raap/CodeSourcery/Sourcery_G++_Lite/lib/gcc/arm-uclinuxeabi/4.3.2/libgcc.a(_divsi3.o)
